 SR1 Trainer v2

 Timestamp is 43b5d19f (Sat Dec 31 00:32:31 2005)

 Preferred load address is 00400000

 Start         Length     Name                   Class
 0001:00000000 00015badH .text                   CODE
 0001:00015bb0 0000008cH .text$yc                CODE
 0001:00015c40 0000003cH .text$yd                CODE
 0002:00000000 00000194H .idata$5                DATA
 0002:000001a0 00003ca3H .rdata                  DATA
 0002:00003e44 00000074H .rdata$debug            DATA
 0002:00003eb8 00000004H .rtc$IAA                DATA
 0002:00003ebc 0000000cH .rtc$IMZ                DATA
 0002:00003ec8 00000004H .rtc$IZZ                DATA
 0002:00003ecc 00000004H .rtc$TAA                DATA
 0002:00003ed0 0000000cH .rtc$TMZ                DATA
 0002:00003edc 00000004H .rtc$TZZ                DATA
 0002:00003ee0 0000003cH .idata$2                DATA
 0002:00003f1c 00000014H .idata$3                DATA
 0002:00003f30 00000194H .idata$4                DATA
 0002:000040c4 000006e6H .idata$6                DATA
 0002:000047aa 00000000H .edata                  DATA
 0003:00000000 00000004H .CRT$XCA                DATA
 0003:00000004 00000004H .CRT$XCAA               DATA
 0003:00000008 00000008H .CRT$XCU                DATA
 0003:00000010 00000004H .CRT$XCZ                DATA
 0003:00000014 00000004H .CRT$XIA                DATA
 0003:00000018 0000000cH .CRT$XIC                DATA
 0003:00000024 00000004H .CRT$XIZ                DATA
 0003:00000028 00000004H .CRT$XPA                DATA
 0003:0000002c 00000004H .CRT$XPX                DATA
 0003:00000030 00000004H .CRT$XPZ                DATA
 0003:00000034 00000004H .CRT$XTA                DATA
 0003:00000038 00000004H .CRT$XTZ                DATA
 0003:00000040 00000790H .data                   DATA
 0003:000007e0 00001b64H .bss                    DATA
 0004:00000000 00000220H .rsrc$01                DATA
 0004:00000220 00001c98H .rsrc$02                DATA

  Address         Publics by Value              Rva+Base     Lib:Object

 0000:00000000       ___safe_se_handler_count   00000000     <absolute>
 0000:00000000       __except_list              00000000     <absolute>
 0000:00000000       ___safe_se_handler_table   00000000     <absolute>
 0001:00000000       ??0CProcess@@QAE@XZ        00401000 f   process.obj
 0001:00000060       ??_ECProcess@@UAEPAXI@Z    00401060 f i process.obj
 0001:00000060       ??_GCProcess@@UAEPAXI@Z    00401060 f i process.obj
 0001:000000c0       ??0CProcess@@QAE@PAD@Z     004010c0 f   process.obj
 0001:00000130       ??1CProcess@@UAE@XZ        00401130 f   process.obj
 0001:00000190       ?WasUpdated@CProcess@@QAEHXZ 00401190 f   process.obj
 0001:000001d0       ?Reset@CProcess@@QAEHXZ    004011d0 f   process.obj
 0001:00000220       ?OpenProcess@CProcess@@AAEPAXPAD0@Z 00401220 f   process.obj
 0001:00000310       ?FindProcess@CProcess@@QAEHXZ 00401310 f   process.obj
 0001:00000390       ?FindProcess@CProcess@@QAEHPAD@Z 00401390 f   process.obj
 0001:000003e0       ?WriteXString@CProcess@@QAEPAEKPAD@Z 004013e0 f   process.obj
 0001:00000510       ?WriteString@CProcess@@QAEKKPAD@Z 00401510 f   process.obj
 0001:00000580       ?Alloc@CProcess@@QAEKH@Z   00401580 f   process.obj
 0001:000005e0       ?Free@CProcess@@QAEKK@Z    004015e0 f   process.obj
 0001:00000640       ?CmpString@CProcess@@QAEPADKPAD@Z 00401640 f   process.obj
 0001:000006e0       ?AddrDiff@CProcess@@QAEKKK@Z 004016e0 f   process.obj
 0001:00000720       ?WriteDiff@CProcess@@QAEHKK@Z 00401720 f   process.obj
 0001:00000790       ?IsRunning@CProcess@@QAEHXZ 00401790 f   process.obj
 0001:000007c0       ?IsKeyPressed@CProcess@@QAEHH@Z 004017c0 f   process.obj
 0001:00000820       ?IsSpyRunning@CProcess@@QAEHPAD@Z 00401820 f   process.obj
 0001:00000890       ??$Write@E@CProcess@@QAEHKPAEK@Z 00401890 f i process.obj
 0001:00000940       ??$Write@D@CProcess@@QAEHKPADK@Z 00401940 f i process.obj
 0001:000009f0       ??$Read@D@CProcess@@QAEPADPADK@Z 004019f0 f i process.obj
 0001:00000ab0       ??$Write@K@CProcess@@QAEHKK@Z 00401ab0 f i process.obj
 0001:00000b50       ??$Write@I@CProcess@@QAEHKI@Z 00401b50 f i process.obj
 0001:00000bf0       ??$Write@H@CProcess@@QAEHKH@Z 00401bf0 f i process.obj
 0001:00000c90       ??$Write@E@CProcess@@QAEHKE@Z 00401c90 f i process.obj
 0001:00000d30       ??$Write@G@CProcess@@QAEHKG@Z 00401d30 f i process.obj
 0001:00000dd0       ??$Write@K@CProcess@@QAEHKPAKK@Z 00401dd0 f i process.obj
 0001:00000e80       ??$Read@E@CProcess@@QAEEPAE@Z 00401e80 f i process.obj
 0001:00000f40       ??$Read@K@CProcess@@QAEKPAK@Z 00401f40 f i process.obj
 0001:00001000       ??$Read@E@CProcess@@QAEPAEPAEK@Z 00402000 f i process.obj
 0001:000010c0       ??$Read@K@CProcess@@QAEPAKPAKK@Z 004020c0 f i process.obj
 0001:00001190       ?findMe@@YAXXZ             00402190 f   sr1.obj
 0001:00001220       ?setup@@YAXXZ              00402220 f   sr1.obj
 0001:00001970       ?cleanUp@@YAXXZ            00402970 f   sr1.obj
 0001:000019f0       ?particles@@YAKKPAK@Z      004029f0 f   sr1.obj
 0001:00001b00       ?forceFX@@YAKKKZZ          00402b00 f   sr1.obj
 0001:00001ba0       ?blastFX@@YAKKKZZ          00402ba0 f   sr1.obj
 0001:00001c70       ?projectiles@@YAXK@Z       00402c70 f   sr1.obj
 0001:00002680       ?betaSpiral@@YAKK@Z        00403680 f   sr1.obj
 0001:00002770       ?infoFix@@YAKK@Z           00403770 f   sr1.obj
 0001:00002fe0       ?monsterDeath@@YAKK@Z      00403fe0 f   sr1.obj
 0001:000036c0       ?possession@@YA?AUmenuItem@@K@Z 004046c0 f   sr1.obj
 0001:00003a20       ?debugOn@@YAXXZ            00404a20 f   sr1.obj
 0001:00004730       ?debugOff@@YAXXZ           00405730 f   sr1.obj
 0001:000047c0       ?swimOn@@YAXXZ             004057c0 f   sr1.obj
 0001:00004910       ?swimOff@@YAXXZ            00405910 f   sr1.obj
 0001:000049c0       ?blackCore@@YAXXZ          004059c0 f   sr1.obj
 0001:00004b00       ?WriteMem@@YAXPAUHWND__@@@Z 00405b00 f   WinMain.obj
 0001:00004bc0       _WinMain@16                00405bc0 f   WinMain.obj
 0001:00004df0       ?mainWindowProc@@YGJPAUHWND__@@IIJ@Z 00405df0 f   WinMain.obj
 0001:00005120       ?onMenu@@YAXI@Z            00406120 f   WinMain.obj
 0001:00005200       ?subWindowProc@@YGJPAUHWND__@@IIJ@Z 00406200 f   WinMain.obj
 0001:00005460       ?subWindow2Proc@@YGJPAUHWND__@@IIJ@Z 00406460 f   WinMain.obj
 0001:00005510       ?ButtonFont@@YAIXZ         00406510 f   WinMain.obj
 0001:000055f0       ?keyStrings@@YAXXZ         004065f0 f   WinMain.obj
 0001:00005850       ?hkComboCol@@YAXUcombo@@PAUHWND__@@@Z 00406850 f   WinMain.obj
 0001:00005920       ?buttonCol@@YAXPAUbutton@@PAUHWND__@@HHHHH@Z 00406920 f   WinMain.obj
 0001:00005a20       ?comboCol@@YAXPAUcombo@@PAUHWND__@@HHHHH@Z 00406a20 f   WinMain.obj
 0001:00005b26       _CloseHandle@4             00406b26 f   kernel32:KERNEL32.dll
 0001:00005b2c       _OpenProcess@12            00406b2c f   kernel32:KERNEL32.dll
 0001:00005b32       _VirtualAllocEx@20         00406b32 f   kernel32:KERNEL32.dll
 0001:00005b38       _VirtualFreeEx@16          00406b38 f   kernel32:KERNEL32.dll
 0001:00005b3e       _WriteProcessMemory@20     00406b3e f   kernel32:KERNEL32.dll
 0001:00005b44       _ReadProcessMemory@20      00406b44 f   kernel32:KERNEL32.dll
 0001:00005b4a       _GetWindowThreadProcessId@8 00406b4a f   user32:USER32.dll
 0001:00005b50       _FindWindowA@8             00406b50 f   user32:USER32.dll
 0001:00005b56       _GetAsyncKeyState@4        00406b56 f   user32:USER32.dll
 0001:00005b5c       _MessageBoxA@16            00406b5c f   user32:USER32.dll
 0001:00005b62       _DispatchMessageA@4        00406b62 f   user32:USER32.dll
 0001:00005b68       _TranslateMessage@4        00406b68 f   user32:USER32.dll
 0001:00005b6e       _GetMessageA@16            00406b6e f   user32:USER32.dll
 0001:00005b74       _UpdateWindow@4            00406b74 f   user32:USER32.dll
 0001:00005b7a       _ShowWindow@8              00406b7a f   user32:USER32.dll
 0001:00005b80       _CreateWindowExA@48        00406b80 f   user32:USER32.dll
 0001:00005b86       _RegisterClassA@4          00406b86 f   user32:USER32.dll
 0001:00005b8c       _LoadCursorA@8             00406b8c f   user32:USER32.dll
 0001:00005b92       _LoadIconA@8               00406b92 f   user32:USER32.dll
 0001:00005b98       _LoadBitmapA@8             00406b98 f   user32:USER32.dll
 0001:00005b9e       _DefWindowProcA@16         00406b9e f   user32:USER32.dll
 0001:00005ba4       _MoveWindow@24             00406ba4 f   user32:USER32.dll
 0001:00005baa       _GetClientRect@8           00406baa f   user32:USER32.dll
 0001:00005bb0       _SetTimer@16               00406bb0 f   user32:USER32.dll
 0001:00005bb6       _PostQuitMessage@4         00406bb6 f   user32:USER32.dll
 0001:00005bbc       _KillTimer@8               00406bbc f   user32:USER32.dll
 0001:00005bc2       _SendMessageA@16           00406bc2 f   user32:USER32.dll
 0001:00005bc8       _GetDlgItem@8              00406bc8 f   user32:USER32.dll
 0001:00005bce       _GetKeyNameTextA@12        00406bce f   user32:USER32.dll
 0001:00005bd4       _MapVirtualKeyExA@12       00406bd4 f   user32:USER32.dll
 0001:00005bda       _GetKeyboardLayout@4       00406bda f   user32:USER32.dll
 0001:00005be0       _SetClassLongA@12          00406be0 f   user32:USER32.dll
 0001:00005be6       _SendDlgItemMessageA@20    00406be6 f   user32:USER32.dll
 0001:00005bec       _CreatePatternBrush@4      00406bec f   gdi32:GDI32.dll
 0001:00005bf2       _CreateFontIndirectA@4     00406bf2 f   gdi32:GDI32.dll
 0001:00005bf8       _GetObjectA@12             00406bf8 f   gdi32:GDI32.dll
 0001:00005c00       __RTC_InitBase             00406c00 f   LIBCD:init.obj
 0001:00005c30       __RTC_Shutdown             00406c30 f   LIBCD:init.obj
 0001:00005c50       ??3@YAXPAX@Z               00406c50 f   LIBCD:dbgdel.obj
 0001:00005cd0       __RTC_CheckEsp             00406cd0 f   LIBCD:stack.obj
 0001:00005d00       @_RTC_CheckStackVars@8     00406d00 f   LIBCD:stack.obj
 0001:00005d70       _sscanf                    00406d70 f   LIBCD:sscanf.obj
 0001:00005e20       _isalpha                   00406e20 f   LIBCD:_ctype.obj
 0001:00005e60       _isupper                   00406e60 f   LIBCD:_ctype.obj
 0001:00005ea0       _islower                   00406ea0 f   LIBCD:_ctype.obj
 0001:00005ee0       _isdigit                   00406ee0 f   LIBCD:_ctype.obj
 0001:00005f20       _isxdigit                  00406f20 f   LIBCD:_ctype.obj
 0001:00005f60       _isspace                   00406f60 f   LIBCD:_ctype.obj
 0001:00005fa0       _ispunct                   00406fa0 f   LIBCD:_ctype.obj
 0001:00005fe0       _isalnum                   00406fe0 f   LIBCD:_ctype.obj
 0001:00006020       _isprint                   00407020 f   LIBCD:_ctype.obj
 0001:00006060       _isgraph                   00407060 f   LIBCD:_ctype.obj
 0001:000060a0       _iscntrl                   004070a0 f   LIBCD:_ctype.obj
 0001:000060e0       ___isascii                 004070e0 f   LIBCD:_ctype.obj
 0001:000060f0       ___toascii                 004070f0 f   LIBCD:_ctype.obj
 0001:00006100       ___iscsymf                 00407100 f   LIBCD:_ctype.obj
 0001:00006160       ___iscsym                  00407160 f   LIBCD:_ctype.obj
 0001:000061c0       ??2@YAPAXI@Z               004071c0 f   LIBCD:new.obj
 0001:000061e0       _strlen                    004071e0 f   LIBCD:strlen.obj
 0001:00006270       _strncmp                   00407270 f   LIBCD:strncmp.obj
 0001:000062b0       _sprintf                   004072b0 f   LIBCD:sprintf.obj
 0001:000063a0       __scprintf                 004073a0 f   LIBCD:sprintf.obj
 0001:00006420       _memset                    00407420 f   LIBCD:memset.obj
 0001:00006480       __onexit                   00407480 f   LIBCD:onexit.obj
 0001:00006570       _atexit                    00407570 f   LIBCD:onexit.obj
 0001:00006590       ___onexitinit              00407590 f   LIBCD:onexit.obj
 0001:000065e0       _strcpy                    004075e0 f   LIBCD:strcat.obj
 0001:000065f0       _strcat                    004075f0 f   LIBCD:strcat.obj
 0001:000066e0       _WinMainCRTStartup         004076e0 f   LIBCD:wincrt0.obj
 0001:000068f0       __amsg_exit                004078f0 f   LIBCD:wincrt0.obj
 0001:00006a10       __RTC_NumErrors            00407a10 f   LIBCD:userapi.obj
 0001:00006a20       __RTC_GetErrDesc           00407a20 f   LIBCD:userapi.obj
 0001:00006a40       __RTC_SetErrorType         00407a40 f   LIBCD:userapi.obj
 0001:00006a70       __RTC_SetErrorFunc         00407a70 f   LIBCD:userapi.obj
 0001:00006a90       ?_RTC_GetErrorFunc@@YAP6AHHPBDH00ZZPBX@Z 00407a90 f   LIBCD:userapi.obj
 0001:00006aa0       __chkesp                   00407aa0 f   LIBCD:chkesp.obj
 0001:00006ae0       __CRT_RTC_INIT             00407ae0 f   LIBCD:chkesp.obj
 0001:00006af0       _malloc                    00407af0 f   LIBCD:dbgheap.obj
 0001:00006b20       __malloc_dbg               00407b20 f   LIBCD:dbgheap.obj
 0001:00006b50       __nh_malloc                00407b50 f   LIBCD:dbgheap.obj
 0001:00006b70       __nh_malloc_dbg            00407b70 f   LIBCD:dbgheap.obj
 0001:00006bc0       __heap_alloc               00407bc0 f   LIBCD:dbgheap.obj
 0001:00006be0       __heap_alloc_dbg           00407be0 f   LIBCD:dbgheap.obj
 0001:00006f00       _calloc                    00407f00 f   LIBCD:dbgheap.obj
 0001:00006f30       __calloc_dbg               00407f30 f   LIBCD:dbgheap.obj
 0001:00006f90       _realloc                   00407f90 f   LIBCD:dbgheap.obj
 0001:00006fc0       __realloc_dbg              00407fc0 f   LIBCD:dbgheap.obj
 0001:00007500       __expand                   00408500 f   LIBCD:dbgheap.obj
 0001:00007530       __expand_dbg               00408530 f   LIBCD:dbgheap.obj
 0001:00007560       _free                      00408560 f   LIBCD:dbgheap.obj
 0001:00007580       __free_dbg                 00408580 f   LIBCD:dbgheap.obj
 0001:00007990       __msize                    00408990 f   LIBCD:dbgheap.obj
 0001:000079b0       __msize_dbg                004089b0 f   LIBCD:dbgheap.obj
 0001:00007ad0       __CrtSetBreakAlloc         00408ad0 f   LIBCD:dbgheap.obj
 0001:00007af0       __CrtSetDbgBlockType       00408af0 f   LIBCD:dbgheap.obj
 0001:00007b70       __CrtSetAllocHook          00408b70 f   LIBCD:dbgheap.obj
 0001:00007be0       __CrtCheckMemory           00408be0 f   LIBCD:dbgheap.obj
 0001:00007f00       __CrtSetDbgFlag            00408f00 f   LIBCD:dbgheap.obj
 0001:00007f60       __CrtDoForAllClientObjects 00408f60 f   LIBCD:dbgheap.obj
 0001:00007fc0       __CrtIsValidPointer        00408fc0 f   LIBCD:dbgheap.obj
 0001:00008010       __CrtIsValidHeapPointer    00409010 f   LIBCD:dbgheap.obj
 0001:000080c0       __CrtIsMemoryBlock         004090c0 f   LIBCD:dbgheap.obj
 0001:000081a0       __CrtReportBlockType       004091a0 f   LIBCD:dbgheap.obj
 0001:000081d0       __CrtSetDumpClient         004091d0 f   LIBCD:dbgheap.obj
 0001:000081f0       __CrtMemCheckpoint         004091f0 f   LIBCD:dbgheap.obj
 0001:00008340       __CrtMemDifference         00409340 f   LIBCD:dbgheap.obj
 0001:00008460       __CrtMemDumpAllObjectsSince 00409460 f   LIBCD:dbgheap.obj
 0001:000087e0       __CrtDumpMemoryLeaks       004097e0 f   LIBCD:dbgheap.obj
 0001:00008850       __CrtMemDumpStatistics     00409850 f   LIBCD:dbgheap.obj
 0001:00008900       __aligned_malloc           00409900 f   LIBCD:dbgheap.obj
 0001:00008920       __aligned_malloc_dbg       00409920 f   LIBCD:dbgheap.obj
 0001:00008940       __aligned_realloc          00409940 f   LIBCD:dbgheap.obj
 0001:00008960       __aligned_realloc_dbg      00409960 f   LIBCD:dbgheap.obj
 0001:00008990       __aligned_offset_malloc    00409990 f   LIBCD:dbgheap.obj
 0001:000089b0       __aligned_offset_malloc_dbg 004099b0 f   LIBCD:dbgheap.obj
 0001:00008af0       __aligned_offset_realloc   00409af0 f   LIBCD:dbgheap.obj
 0001:00008b20       __aligned_offset_realloc_dbg 00409b20 f   LIBCD:dbgheap.obj
 0001:00008d80       __aligned_free             00409d80 f   LIBCD:dbgheap.obj
 0001:00008da0       __aligned_free_dbg         00409da0 f   LIBCD:dbgheap.obj
 0001:00008e50       __CrtDbgBreak              00409e50 f   LIBCD:dbgrpt.obj
 0001:00008e60       __CrtSetReportMode         00409e60 f   LIBCD:dbgrpt.obj
 0001:00008ec0       __CrtSetReportFile         00409ec0 f   LIBCD:dbgrpt.obj
 0001:00008f40       __CrtSetReportHook         00409f40 f   LIBCD:dbgrpt.obj
 0001:00008f60       __CrtSetReportHook2        00409f60 f   LIBCD:dbgrpt.obj
 0001:00009140       __CrtDbgReport             0040a140 f   LIBCD:dbgrpt.obj
 0001:00009830       ?_RTC_Failure@@YAXPAXH@Z   0040a830 f   LIBCD:error.obj
 0001:00009a90       ?_RTC_MemFailure@@YAXPAXHPBX@Z 0040aa90 f   LIBCD:error.obj
 0001:00009ce0       ?_RTC_StackFailure@@YAXPAXPBD@Z 0040ace0 f   LIBCD:error.obj
 0001:00009da0       __RTC_UninitUse            0040ada0 f   LIBCD:error.obj
 0001:00009f60       __input                    0040af60 f   LIBCD:input.obj
 0001:0000b5d0       __chvalidator              0040c5d0 f   LIBCD:isctype.obj
 0001:0000b610       __isctype                  0040c610 f   LIBCD:isctype.obj
 0001:0000b6d0       __flsbuf                   0040c6d0 f   LIBCD:_flsbuf.obj
 0001:0000b930       __output                   0040c930 f   LIBCD:output.obj
 0001:0000c8b0       __cinit                    0040d8b0 f   LIBCD:crt0dat.obj
 0001:0000c910       _exit                      0040d910 f   LIBCD:crt0dat.obj
 0001:0000c930       __exit                     0040d930 f   LIBCD:crt0dat.obj
 0001:0000c950       __cexit                    0040d950 f   LIBCD:crt0dat.obj
 0001:0000c970       __c_exit                   0040d970 f   LIBCD:crt0dat.obj
 0001:0000ca70       ___crtExitProcess          0040da70 f   LIBCD:crt0dat.obj
 0001:0000cb30       ___CppXcptFilter           0040db30 f   LIBCD:winxfltr.obj
 0001:0000cb60       __XcptFilter               0040db60 f   LIBCD:winxfltr.obj
 0001:0000cd70       __wincmdln                 0040dd70 f   LIBCD:wincmdln.obj
 0001:0000ce40       __setenvp                  0040de40 f   LIBCD:stdenvp.obj
 0001:0000cfc0       __setargv                  0040dfc0 f   LIBCD:stdargv.obj
 0001:0000d420       ___crtGetEnvironmentStringsA 0040e420 f   LIBCD:a_env.obj
 0001:0000d640       __ioinit                   0040e640 f   LIBCD:ioinit.obj
 0001:0000d950       __ioterm                   0040e950 f   LIBCD:ioinit.obj
 0001:0000d9b0       __RTC_Initialize           0040e9b0 f   LIBCD:initsect.obj
 0001:0000da30       __RTC_Terminate            0040ea30 f   LIBCD:initsect.obj
 0001:0000dab0       ___heap_select             0040eab0 f   LIBCD:heapinit.obj
 0001:0000dae0       __heap_init                0040eae0 f   LIBCD:heapinit.obj
 0001:0000db50       __heap_term                0040eb50 f   LIBCD:heapinit.obj
 0001:0000dc00       __get_heap_handle          0040ec00 f   LIBCD:heapinit.obj
 0001:0000dc0c       __global_unwind2           0040ec0c f   LIBCD:exsup.obj
 0001:0000dc4e       __local_unwind2            0040ec4e f   LIBCD:exsup.obj
 0001:0000dca6       __NLG_Return2              0040eca6     LIBCD:exsup.obj
 0001:0000dcb6       __abnormal_termination     0040ecb6 f   LIBCD:exsup.obj
 0001:0000dcd9       __NLG_Notify1              0040ecd9 f   LIBCD:exsup.obj
 0001:0000dce2       __NLG_Notify               0040ece2 f   LIBCD:exsup.obj
 0001:0000dcf5       __NLG_Dispatch             0040ecf5     LIBCD:exsup.obj
 0001:0000dd04       __except_handler3          0040ed04 f   LIBCD:exsup3.obj
 0001:0000ddea       __seh_longjmp_unwind@4     0040edea f   LIBCD:exsup3.obj
 0001:0000de10       __alloca_probe             0040ee10     LIBCD:chkstk.obj
 0001:0000de10       __chkstk                   0040ee10 f   LIBCD:chkstk.obj
 0001:0000de50       __FF_MSGBANNER             0040ee50 f   LIBCD:crt0msg.obj
 0001:0000dea0       __NMSG_WRITE               0040eea0 f   LIBCD:crt0msg.obj
 0001:0000e0b0       __GET_RTERRMSG             0040f0b0 f   LIBCD:crt0msg.obj
 0001:0000e100       ?_set_new_handler@@YAP6AHI@ZP6AHI@Z@Z 0040f100 f   LIBCD:handler.obj
 0001:0000e120       ?_query_new_handler@@YAP6AHI@ZXZ 0040f120 f   LIBCD:handler.obj
 0001:0000e130       __callnewh                 0040f130 f   LIBCD:handler.obj
 0001:0000e160       __malloc_base              0040f160 f   LIBCD:malloc.obj
 0001:0000e180       __nh_malloc_base           0040f180 f   LIBCD:malloc.obj
 0001:0000e1e0       __heap_alloc_base          0040f1e0 f   LIBCD:malloc.obj
 0001:0000e250       __CrtDefaultAllocHook      0040f250 f   LIBCD:dbghook.obj
 0001:0000e260       __expand_base              0040f260 f   LIBCD:expand.obj
 0001:0000e330       __realloc_base             0040f330 f   LIBCD:realloc.obj
 0001:0000e590       __free_base                0040f590 f   LIBCD:free.obj
 0001:0000e600       __heapchk                  0040f600 f   LIBCD:heapchk.obj
 0001:0000e670       __heapset                  0040f670 f   LIBCD:heapchk.obj
 0001:0000e680       __get_sbh_threshold        0040f680 f   LIBCD:sbheap.obj
 0001:0000e6a0       __set_sbh_threshold        0040f6a0 f   LIBCD:sbheap.obj
 0001:0000e710       ___sbh_heap_init           0040f710 f   LIBCD:sbheap.obj
 0001:0000e780       ___sbh_find_block          0040f780 f   LIBCD:sbheap.obj
 0001:0000e7e0       ___sbh_verify_block        0040f7e0 f   LIBCD:sbheap.obj
 0001:0000e840       ___sbh_free_block          0040f840 f   LIBCD:sbheap.obj
 0001:0000ee00       ___sbh_alloc_block         0040fe00 f   LIBCD:sbheap.obj
 0001:0000f320       ___sbh_alloc_new_region    00410320 f   LIBCD:sbheap.obj
 0001:0000f430       ___sbh_alloc_new_group     00410430 f   LIBCD:sbheap.obj
 0001:0000f620       ___sbh_resize_block        00410620 f   LIBCD:sbheap.obj
 0001:0000fbf0       ___sbh_heapmin             00410bf0 f   LIBCD:sbheap.obj
 0001:0000fd20       ___sbh_heap_check          00410d20 f   LIBCD:sbheap.obj
 0001:00010230       @__security_check_cookie@4 00411230 f   LIBCD:secchk.obj
 0001:000102b0       _memcpy                    004112b0 f   LIBCD:memcpy.obj
 0001:000105f0       __itoa                     004115f0 f   LIBCD:xtoa.obj
 0001:00010710       __ltoa                     00411710 f   LIBCD:xtoa.obj
 0001:00010750       __ultoa                    00411750 f   LIBCD:xtoa.obj
 0001:00010770       __i64toa                   00411770 f   LIBCD:xtoa.obj
 0001:000108c0       __ui64toa                  004118c0 f   LIBCD:xtoa.obj
 0001:000108e0       __snprintf                 004118e0 f   LIBCD:snprintf.obj
 0001:000109d0       __vsnprintf                004119d0 f   LIBCD:vsnprint.obj
 0001:00010aa0       _signal                    00411aa0 f   LIBCD:winsig.obj
 0001:00010cb0       _raise                     00411cb0 f   LIBCD:winsig.obj
 0001:00010ec0       ___crtMessageBoxA          00411ec0 f   LIBCD:crtmbox.obj
 0001:00011030       _strncpy                   00412030 f   LIBCD:strncpy.obj
 0001:00011160       ?_RTC_GetSrcLine@@YAHKPADHPAHPAPAD@Z 00412160 f   LIBCD:pdblkup.obj
 0001:00011a00       _mbtowc                    00412a00 f   LIBCD:mbtowc.obj
 0001:00011b50       ___pwctype_func            00412b50 f   LIBCD:ctype.obj
 0001:00011b60       ___pctype_func             00412b60 f   LIBCD:ctype.obj
 0001:00011b70       __resetstkoflw             00412b70 f   LIBCD:resetstk.obj
 0001:00011cc0       __allshl                   00412cc0 f   LIBCD:llshl.obj
 0001:00011ce0       __filbuf                   00412ce0 f   LIBCD:_filbuf.obj
 0001:00011ec0       _ungetc                    00412ec0 f   LIBCD:ungetc.obj
 0001:00011ff0       ___crtGetStringTypeA       00412ff0 f   LIBCD:a_str.obj
 0001:00012290       __lseek                    00413290 f   LIBCD:lseek.obj
 0001:00012380       __write                    00413380 f   LIBCD:write.obj
 0001:000126a0       __getbuf                   004136a0 f   LIBCD:_getbuf.obj
 0001:00012760       __isatty                   00413760 f   LIBCD:isatty.obj
 0001:00012790       ___iob_func                00413790 f   LIBCD:_file.obj
 0001:000127a0       ___initstdio               004137a0 f   LIBCD:_file.obj
 0001:000128d0       ___endstdio                004138d0 f   LIBCD:_file.obj
 0001:000128f0       _wctomb                    004138f0 f   LIBCD:wctomb.obj
 0001:00012990       __aulldiv                  00413990 f   LIBCD:ulldiv.obj
 0001:00012a00       __aullrem                  00413a00 f   LIBCD:ullrem.obj
 0001:00012a80       __ismbbkalnum              00413a80 f   LIBCD:ismbbyte.obj
 0001:00012aa0       __ismbbkprint              00413aa0 f   LIBCD:ismbbyte.obj
 0001:00012ac0       __ismbbkpunct              00413ac0 f   LIBCD:ismbbyte.obj
 0001:00012ae0       __ismbbalnum               00413ae0 f   LIBCD:ismbbyte.obj
 0001:00012b00       __ismbbalpha               00413b00 f   LIBCD:ismbbyte.obj
 0001:00012b20       __ismbbgraph               00413b20 f   LIBCD:ismbbyte.obj
 0001:00012b40       __ismbbprint               00413b40 f   LIBCD:ismbbyte.obj
 0001:00012b60       __ismbbpunct               00413b60 f   LIBCD:ismbbyte.obj
 0001:00012b80       __ismbblead                00413b80 f   LIBCD:ismbbyte.obj
 0001:00012ba0       __ismbbtrail               00413ba0 f   LIBCD:ismbbyte.obj
 0001:00012bc0       __ismbbkana                00413bc0 f   LIBCD:ismbbyte.obj
 0001:00012c60       __setmbcp                  00413c60 f   LIBCD:mbctype.obj
 0001:000133f0       __getmbcp                  004143f0 f   LIBCD:mbctype.obj
 0001:00013410       ___initmbctable            00414410 f   LIBCD:mbctype.obj
 0001:00013440       __ValidateEH3RN            00414440 f   LIBCD:eh3valid.obj
 0001:00013830       _memmove                   00414830 f   LIBCD:memmove.obj
 0001:00013b70       ___security_init_cookie    00414b70 f   LIBCD:seccinit.obj
 0001:00013c10       ___security_error_handler  00414c10 f   LIBCD:secfail.obj
 0001:00013e40       __set_security_error_handler 00414e40 f   LIBCD:secfail.obj
 0001:00013e60       ___buffer_overrun          00414e60 f   LIBCD:secfail.obj
 0001:00013e80       ___set_buffer_overrun_handler 00414e80 f   LIBCD:secfail.obj
 0001:00013ea0       __fptrap                   00414ea0 f   LIBCD:crt0fp.obj
 0001:00013eb0       __read                     00414eb0 f   LIBCD:read.obj
 0001:00014300       ___ansicp                  00415300 f   LIBCD:convrtcp.obj
 0001:00014360       ___convertcp               00415360 f   LIBCD:convrtcp.obj
 0001:00014600       __dosmaperr                00415600 f   LIBCD:dosmap.obj
 0001:00014690       __alloc_osfhnd             00415690 f   LIBCD:osfinfo.obj
 0001:000147c0       __set_osfhnd               004157c0 f   LIBCD:osfinfo.obj
 0001:00014870       __free_osfhnd              00415870 f   LIBCD:osfinfo.obj
 0001:00014940       __get_osfhandle            00415940 f   LIBCD:osfinfo.obj
 0001:000149a0       __open_osfhandle           004159a0 f   LIBCD:osfinfo.obj
 0001:00014aa0       __lseeki64                 00415aa0 f   LIBCD:lseeki64.obj
 0001:00014ba0       __fcloseall                00415ba0 f   LIBCD:closeall.obj
 0001:00014c50       _fflush                    00415c50 f   LIBCD:fflush.obj
 0001:00014cb0       __flush                    00415cb0 f   LIBCD:fflush.obj
 0001:00014d70       __flushall                 00415d70 f   LIBCD:fflush.obj
 0001:00014e60       ___crtLCMapStringA         00415e60 f   LIBCD:a_map.obj
 0001:00015420       _atol                      00416420 f   LIBCD:atox.obj
 0001:000154e0       _atoi                      004164e0 f   LIBCD:atox.obj
 0001:00015500       __atoi64                   00416500 f   LIBCD:atox.obj
 0001:000155f0       _fclose                    004165f0 f   LIBCD:fclose.obj
 0001:000156c0       __commit                   004166c0 f   LIBCD:commit.obj
 0001:00015750       __ismbcspace               00416750 f   LIBCD:ismbspc.obj
 0001:00015820       __allmul                   00416820 f   LIBCD:llmul.obj
 0001:00015860       __close                    00416860 f   LIBCD:close.obj
 0001:00015950       __freebuf                  00416950 f   LIBCD:_freebuf.obj
 0001:000159d2       _GetModuleHandleA@4        004169d2 f   kernel32:KERNEL32.dll
 0001:000159d8       _GetStartupInfoA@4         004169d8 f   kernel32:KERNEL32.dll
 0001:000159de       _GetCommandLineA@0         004169de f   kernel32:KERNEL32.dll
 0001:000159e4       _GetVersionExA@4           004169e4 f   kernel32:KERNEL32.dll
 0001:000159ea       _IsBadWritePtr@8           004169ea f   kernel32:KERNEL32.dll
 0001:000159f0       _IsBadReadPtr@8            004169f0 f   kernel32:KERNEL32.dll
 0001:000159f6       _HeapValidate@12           004169f6 f   kernel32:KERNEL32.dll
 0001:000159fc       _DebugBreak@0              004169fc f   kernel32:KERNEL32.dll
 0001:00015a02       _GetStdHandle@4            00416a02 f   kernel32:KERNEL32.dll
 0001:00015a08       _WriteFile@20              00416a08 f   kernel32:KERNEL32.dll
 0001:00015a0e       _InterlockedDecrement@4    00416a0e f   kernel32:KERNEL32.dll
 0001:00015a14       _OutputDebugStringA@4      00416a14 f   kernel32:KERNEL32.dll
 0001:00015a1a       _GetProcAddress@8          00416a1a f   kernel32:KERNEL32.dll
 0001:00015a20       _LoadLibraryA@4            00416a20 f   kernel32:KERNEL32.dll
 0001:00015a26       _InterlockedIncrement@4    00416a26 f   kernel32:KERNEL32.dll
 0001:00015a2c       _GetModuleFileNameA@12     00416a2c f   kernel32:KERNEL32.dll
 0001:00015a32       _RaiseException@16         00416a32 f   kernel32:KERNEL32.dll
 0001:00015a38       _TerminateProcess@8        00416a38 f   kernel32:KERNEL32.dll
 0001:00015a3e       _GetCurrentProcess@0       00416a3e f   kernel32:KERNEL32.dll
 0001:00015a44       _ExitProcess@4             00416a44 f   kernel32:KERNEL32.dll
 0001:00015a4a       _UnhandledExceptionFilter@4 00416a4a f   kernel32:KERNEL32.dll
 0001:00015a50       _FreeEnvironmentStringsA@4 00416a50 f   kernel32:KERNEL32.dll
 0001:00015a56       _GetEnvironmentStrings@0   00416a56 f   kernel32:KERNEL32.dll
 0001:00015a5c       _FreeEnvironmentStringsW@4 00416a5c f   kernel32:KERNEL32.dll
 0001:00015a62       _WideCharToMultiByte@32    00416a62 f   kernel32:KERNEL32.dll
 0001:00015a68       _GetLastError@0            00416a68 f   kernel32:KERNEL32.dll
 0001:00015a6e       _GetEnvironmentStringsW@0  00416a6e f   kernel32:KERNEL32.dll
 0001:00015a74       _SetHandleCount@4          00416a74 f   kernel32:KERNEL32.dll
 0001:00015a7a       _GetFileType@4             00416a7a f   kernel32:KERNEL32.dll
 0001:00015a80       _HeapDestroy@4             00416a80 f   kernel32:KERNEL32.dll
 0001:00015a86       _HeapCreate@12             00416a86 f   kernel32:KERNEL32.dll
 0001:00015a8c       _HeapFree@12               00416a8c f   kernel32:KERNEL32.dll
 0001:00015a92       _VirtualFree@12            00416a92 f   kernel32:KERNEL32.dll
 0001:00015a98       _RtlUnwind@16              00416a98 f   kernel32:KERNEL32.dll
 0001:00015a9e       _HeapAlloc@12              00416a9e f   kernel32:KERNEL32.dll
 0001:00015aa4       _HeapReAlloc@16            00416aa4 f   kernel32:KERNEL32.dll
 0001:00015aaa       _VirtualAlloc@16           00416aaa f   kernel32:KERNEL32.dll
 0001:00015ab0       _SetConsoleCtrlHandler@8   00416ab0 f   kernel32:KERNEL32.dll
 0001:00015ab6       _GetProcessHeap@0          00416ab6 f   kernel32:KERNEL32.dll
 0001:00015abc       _FreeLibrary@4             00416abc f   kernel32:KERNEL32.dll
 0001:00015ac2       _MultiByteToWideChar@24    00416ac2 f   kernel32:KERNEL32.dll
 0001:00015ac8       _VirtualProtect@16         00416ac8 f   kernel32:KERNEL32.dll
 0001:00015ace       _GetSystemInfo@4           00416ace f   kernel32:KERNEL32.dll
 0001:00015ad4       _VirtualQuery@12           00416ad4 f   kernel32:KERNEL32.dll
 0001:00015ada       _GetStringTypeA@20         00416ada f   kernel32:KERNEL32.dll
 0001:00015ae0       _GetStringTypeW@16         00416ae0 f   kernel32:KERNEL32.dll
 0001:00015ae6       _SetFilePointer@16         00416ae6 f   kernel32:KERNEL32.dll
 0001:00015aec       _GetCPInfo@8               00416aec f   kernel32:KERNEL32.dll
 0001:00015af2       _GetACP@0                  00416af2 f   kernel32:KERNEL32.dll
 0001:00015af8       _GetOEMCP@0                00416af8 f   kernel32:KERNEL32.dll
 0001:00015afe       _InterlockedExchange@8     00416afe f   kernel32:KERNEL32.dll
 0001:00015b04       _QueryPerformanceCounter@4 00416b04 f   kernel32:KERNEL32.dll
 0001:00015b0a       _GetTickCount@0            00416b0a f   kernel32:KERNEL32.dll
 0001:00015b10       _GetCurrentThreadId@0      00416b10 f   kernel32:KERNEL32.dll
 0001:00015b16       _GetCurrentProcessId@0     00416b16 f   kernel32:KERNEL32.dll
 0001:00015b1c       _GetSystemTimeAsFileTime@4 00416b1c f   kernel32:KERNEL32.dll
 0001:00015b22       _ReadFile@20               00416b22 f   kernel32:KERNEL32.dll
 0001:00015b28       _GetLocaleInfoA@16         00416b28 f   kernel32:KERNEL32.dll
 0001:00015b2e       _SetStdHandle@8            00416b2e f   kernel32:KERNEL32.dll
 0001:00015b34       _LCMapStringA@24           00416b34 f   kernel32:KERNEL32.dll
 0001:00015b3a       _LCMapStringW@24           00416b3a f   kernel32:KERNEL32.dll
 0001:00015b40       _FlushFileBuffers@4        00416b40 f   kernel32:KERNEL32.dll
 0001:00015b50       _swab                      00416b50 f   LIBCD:swab.obj
 0001:00015b50       __swab                     00416b50 f   LIBCD:swab.obj
 0002:00000000       __imp__CreateFontIndirectA@4 00417000     gdi32:GDI32.dll
 0002:00000004       __imp__CreatePatternBrush@4 00417004     gdi32:GDI32.dll
 0002:00000008       __imp__GetObjectA@12       00417008     gdi32:GDI32.dll
 0002:0000000c       \177GDI32_NULL_THUNK_DATA  0041700c     gdi32:GDI32.dll
 0002:00000010       __imp__WriteProcessMemory@20 00417010     kernel32:KERNEL32.dll
 0002:00000014       __imp__ReadProcessMemory@20 00417014     kernel32:KERNEL32.dll
 0002:00000018       __imp__LCMapStringW@24     00417018     kernel32:KERNEL32.dll
 0002:0000001c       __imp__LCMapStringA@24     0041701c     kernel32:KERNEL32.dll
 0002:00000020       __imp__SetStdHandle@8      00417020     kernel32:KERNEL32.dll
 0002:00000024       __imp__GetLocaleInfoA@16   00417024     kernel32:KERNEL32.dll
 0002:00000028       __imp__ReadFile@20         00417028     kernel32:KERNEL32.dll
 0002:0000002c       __imp__GetSystemTimeAsFileTime@4 0041702c     kernel32:KERNEL32.dll
 0002:00000030       __imp__GetCurrentProcessId@0 00417030     kernel32:KERNEL32.dll
 0002:00000034       __imp__GetCurrentThreadId@0 00417034     kernel32:KERNEL32.dll
 0002:00000038       __imp__GetTickCount@0      00417038     kernel32:KERNEL32.dll
 0002:0000003c       __imp__QueryPerformanceCounter@4 0041703c     kernel32:KERNEL32.dll
 0002:00000040       __imp__InterlockedExchange@8 00417040     kernel32:KERNEL32.dll
 0002:00000044       __imp__GetOEMCP@0          00417044     kernel32:KERNEL32.dll
 0002:00000048       __imp__VirtualFreeEx@16    00417048     kernel32:KERNEL32.dll
 0002:0000004c       __imp__GetCPInfo@8         0041704c     kernel32:KERNEL32.dll
 0002:00000050       __imp__SetFilePointer@16   00417050     kernel32:KERNEL32.dll
 0002:00000054       __imp__GetStringTypeW@16   00417054     kernel32:KERNEL32.dll
 0002:00000058       __imp__GetStringTypeA@20   00417058     kernel32:KERNEL32.dll
 0002:0000005c       __imp__VirtualQuery@12     0041705c     kernel32:KERNEL32.dll
 0002:00000060       __imp__GetSystemInfo@4     00417060     kernel32:KERNEL32.dll
 0002:00000064       __imp__VirtualProtect@16   00417064     kernel32:KERNEL32.dll
 0002:00000068       __imp__MultiByteToWideChar@24 00417068     kernel32:KERNEL32.dll
 0002:0000006c       __imp__FreeLibrary@4       0041706c     kernel32:KERNEL32.dll
 0002:00000070       __imp__GetProcessHeap@0    00417070     kernel32:KERNEL32.dll
 0002:00000074       __imp__SetConsoleCtrlHandler@8 00417074     kernel32:KERNEL32.dll
 0002:00000078       __imp__VirtualAlloc@16     00417078     kernel32:KERNEL32.dll
 0002:0000007c       __imp__HeapReAlloc@16      0041707c     kernel32:KERNEL32.dll
 0002:00000080       __imp__HeapAlloc@12        00417080     kernel32:KERNEL32.dll
 0002:00000084       __imp__RtlUnwind@16        00417084     kernel32:KERNEL32.dll
 0002:00000088       __imp__VirtualAllocEx@20   00417088     kernel32:KERNEL32.dll
 0002:0000008c       __imp__OpenProcess@12      0041708c     kernel32:KERNEL32.dll
 0002:00000090       __imp__GetACP@0            00417090     kernel32:KERNEL32.dll
 0002:00000094       __imp__CloseHandle@4       00417094     kernel32:KERNEL32.dll
 0002:00000098       __imp__GetModuleHandleA@4  00417098     kernel32:KERNEL32.dll
 0002:0000009c       __imp__GetStartupInfoA@4   0041709c     kernel32:KERNEL32.dll
 0002:000000a0       __imp__GetCommandLineA@0   004170a0     kernel32:KERNEL32.dll
 0002:000000a4       __imp__GetVersionExA@4     004170a4     kernel32:KERNEL32.dll
 0002:000000a8       __imp__IsBadWritePtr@8     004170a8     kernel32:KERNEL32.dll
 0002:000000ac       __imp__IsBadReadPtr@8      004170ac     kernel32:KERNEL32.dll
 0002:000000b0       __imp__HeapValidate@12     004170b0     kernel32:KERNEL32.dll
 0002:000000b4       __imp__DebugBreak@0        004170b4     kernel32:KERNEL32.dll
 0002:000000b8       __imp__GetStdHandle@4      004170b8     kernel32:KERNEL32.dll
 0002:000000bc       __imp__WriteFile@20        004170bc     kernel32:KERNEL32.dll
 0002:000000c0       __imp__InterlockedDecrement@4 004170c0     kernel32:KERNEL32.dll
 0002:000000c4       __imp__OutputDebugStringA@4 004170c4     kernel32:KERNEL32.dll
 0002:000000c8       __imp__GetProcAddress@8    004170c8     kernel32:KERNEL32.dll
 0002:000000cc       __imp__LoadLibraryA@4      004170cc     kernel32:KERNEL32.dll
 0002:000000d0       __imp__InterlockedIncrement@4 004170d0     kernel32:KERNEL32.dll
 0002:000000d4       __imp__GetModuleFileNameA@12 004170d4     kernel32:KERNEL32.dll
 0002:000000d8       __imp__RaiseException@16   004170d8     kernel32:KERNEL32.dll
 0002:000000dc       __imp__TerminateProcess@8  004170dc     kernel32:KERNEL32.dll
 0002:000000e0       __imp__GetCurrentProcess@0 004170e0     kernel32:KERNEL32.dll
 0002:000000e4       __imp__ExitProcess@4       004170e4     kernel32:KERNEL32.dll
 0002:000000e8       __imp__UnhandledExceptionFilter@4 004170e8     kernel32:KERNEL32.dll
 0002:000000ec       __imp__FreeEnvironmentStringsA@4 004170ec     kernel32:KERNEL32.dll
 0002:000000f0       __imp__GetEnvironmentStrings@0 004170f0     kernel32:KERNEL32.dll
 0002:000000f4       __imp__FreeEnvironmentStringsW@4 004170f4     kernel32:KERNEL32.dll
 0002:000000f8       __imp__WideCharToMultiByte@32 004170f8     kernel32:KERNEL32.dll
 0002:000000fc       __imp__GetLastError@0      004170fc     kernel32:KERNEL32.dll
 0002:00000100       __imp__GetEnvironmentStringsW@0 00417100     kernel32:KERNEL32.dll
 0002:00000104       __imp__SetHandleCount@4    00417104     kernel32:KERNEL32.dll
 0002:00000108       __imp__GetFileType@4       00417108     kernel32:KERNEL32.dll
 0002:0000010c       __imp__HeapDestroy@4       0041710c     kernel32:KERNEL32.dll
 0002:00000110       __imp__HeapCreate@12       00417110     kernel32:KERNEL32.dll
 0002:00000114       __imp__HeapFree@12         00417114     kernel32:KERNEL32.dll
 0002:00000118       __imp__VirtualFree@12      00417118     kernel32:KERNEL32.dll
 0002:0000011c       __imp__FlushFileBuffers@4  0041711c     kernel32:KERNEL32.dll
 0002:00000120       \177KERNEL32_NULL_THUNK_DATA 00417120     kernel32:KERNEL32.dll
 0002:00000124       __imp__SendDlgItemMessageA@20 00417124     user32:USER32.dll
 0002:00000128       __imp__SetClassLongA@12    00417128     user32:USER32.dll
 0002:0000012c       __imp__GetKeyboardLayout@4 0041712c     user32:USER32.dll
 0002:00000130       __imp__MapVirtualKeyExA@12 00417130     user32:USER32.dll
 0002:00000134       __imp__GetKeyNameTextA@12  00417134     user32:USER32.dll
 0002:00000138       __imp__GetDlgItem@8        00417138     user32:USER32.dll
 0002:0000013c       __imp__SendMessageA@16     0041713c     user32:USER32.dll
 0002:00000140       __imp__KillTimer@8         00417140     user32:USER32.dll
 0002:00000144       __imp__PostQuitMessage@4   00417144     user32:USER32.dll
 0002:00000148       __imp__SetTimer@16         00417148     user32:USER32.dll
 0002:0000014c       __imp__GetClientRect@8     0041714c     user32:USER32.dll
 0002:00000150       __imp__MoveWindow@24       00417150     user32:USER32.dll
 0002:00000154       __imp__DefWindowProcA@16   00417154     user32:USER32.dll
 0002:00000158       __imp__LoadBitmapA@8       00417158     user32:USER32.dll
 0002:0000015c       __imp__LoadIconA@8         0041715c     user32:USER32.dll
 0002:00000160       __imp__LoadCursorA@8       00417160     user32:USER32.dll
 0002:00000164       __imp__RegisterClassA@4    00417164     user32:USER32.dll
 0002:00000168       __imp__CreateWindowExA@48  00417168     user32:USER32.dll
 0002:0000016c       __imp__ShowWindow@8        0041716c     user32:USER32.dll
 0002:00000170       __imp__UpdateWindow@4      00417170     user32:USER32.dll
 0002:00000174       __imp__GetMessageA@16      00417174     user32:USER32.dll
 0002:00000178       __imp__TranslateMessage@4  00417178     user32:USER32.dll
 0002:0000017c       __imp__DispatchMessageA@4  0041717c     user32:USER32.dll
 0002:00000180       __imp__MessageBoxA@16      00417180     user32:USER32.dll
 0002:00000184       __imp__GetAsyncKeyState@4  00417184     user32:USER32.dll
 0002:00000188       __imp__FindWindowA@8       00417188     user32:USER32.dll
 0002:0000018c       __imp__GetWindowThreadProcessId@8 0041718c     user32:USER32.dll
 0002:00000190       \177USER32_NULL_THUNK_DATA 00417190     user32:USER32.dll
 0002:000001bc       ??_7CProcess@@6B@          004171bc     process.obj
 0002:000001c0       ??_C@_04NOJCDH@?$CF02x?$AA@ 004171c0     process.obj
 0002:000001c8       ??_C@_0M@OMBCIBNM@TRAINER?5SPY?$AA@ 004171c8     process.obj
 0002:000001d4       ??_C@_05MBDEGLCK@ERROR?$AA@ 004171d4     sr1.obj
 0002:000001dc       ??_C@_0CM@CIEDAEJP@Made?5it?5to?5address?50x?$CF08X?5withou@ 004171dc     sr1.obj
 0002:00000208       ??_C@_0M@LLFLICGG@Oct?529?51999?$AA@ 00417208     sr1.obj
 0002:00000214       ??_C@_0M@IBICCAFG@Aug?530?51999?$AA@ 00417214     sr1.obj
 0002:00000220       ??_C@_0EI@FJGNFMPP@01?508?500?5CD?5C7?501?58E?503?555?505?51C@ 00417220     sr1.obj
 0002:00000268       ??_C@_0DA@JBMKLHMH@01?564?564?564?509?500?564?500?509?500?564@ 00417268     sr1.obj
 0002:00000298       ??_C@_0EI@HMIMMEEC@30?500?500?500?5A2?501?57C?500?588?5FF?5A8@ 00417298     sr1.obj
 0002:000002e0       ??_C@_0DM@BDDCFOE@05?501?500?520?500?5CD?500?520?500?504?504@ 004172e0     sr1.obj
 0002:0000031c       ??_C@_0DA@MDHJOKBD@01?564?564?564?514?500?564?500?514?500?564@ 0041731c     sr1.obj
 0002:0000034c       ??_C@_0M@DKFLCLFD@58?55D?55A?5E9?$AA@ 0041734c     sr1.obj
 0002:00000358       ??_C@_0BI@CMOOLIKM@8B?550?520?5C7?502?501FF1819?$AA@ 00417358     sr1.obj
 0002:00000370       ??_C@_0BI@LJIFGPNH@8B?550?524?5C7?502?501FF1415?$AA@ 00417370     sr1.obj
 0002:00000388       ??_C@_0BI@FPKMPPNM@8B?550?528?5C7?502?501FF1213?$AA@ 00417388     sr1.obj
 0002:000003a0       ??_C@_0BI@PMCLFCNO@8B?550?51C?5C7?502?501FF1011?$AA@ 004173a0     sr1.obj
 0002:000003b8       ??_C@_0BI@CNCIHEKP@8B?550?518?5C7?502?501FF0E0F?$AA@ 004173b8     sr1.obj
 0002:000003d0       ??_C@_0BI@MLDMBILM@8B?550?514?5C7?502?501FF1617?$AA@ 004173d0     sr1.obj
 0002:000003e8       ??_C@_0DJ@BMEPICDF@5A?558?55D?58B?504?524?589?550?510?505?51C@ 004173e8     sr1.obj
 0002:00000424       ??_C@_0CE@FJBJCDNP@39?5D0?574?543?568?534?500?500?500?550?552@ 00417424     sr1.obj
 0002:00000448       ??_C@_0BL@OALBJOAI@52?555?550?583?5C0?510?58B?500?5BA?$AA@ 00417448     sr1.obj
 0002:00000464       ??_C@_0BL@PFDKIGMP@3C?501?57C?514?574?53B?590?556?5E9?$AA@ 00417464     sr1.obj
 0002:00000480       ??_C@_0LB@GJFKPIJG@89?55C?524?5F8?5BB?500?500?508?500?53C?502@ 00417480     sr1.obj
 0002:00000534       ??_C@_0CD@GIMBBAIC@Failed?5to?5create?5projectile?5arra@ 00417534     sr1.obj
 0002:00000558       ??_C@_0P@OHPNHBNN@EB?502?58B?53A?5E9?$AA@ 00417558     sr1.obj
 0002:00000568       ??_C@_0DG@KKDMJMLK@B8?5FF?5FF?5FF?5FF?539?546?51C?58B?544?524@ 00417568     sr1.obj
 0002:000005a0       ??_C@_0P@HKJOLEOH@90?590?590?590?590?$AA@ 004175a0     sr1.obj
 0002:000005b0       ??_C@_0BC@HPEMCGJP@EB?503?58B?548?510?5E9?$AA@ 004175b0     sr1.obj
 0002:000005c4       ??_C@_0DG@PNFJAEJB@B9?5FF?5FF?5FF?5FF?53B?54E?51C?58B?574?524@ 004175c4     sr1.obj
 0002:00000600       ??_C@_0JA@NFKBBJF@00?500?5FF?5FF?500?500?500?500?500?500?501@ 00417600     sr1.obj
 0002:00000690       ??_C@_0JA@IFCEEOM@50?500?501?500?5C8?500?500?500?500?500?500@ 00417690     sr1.obj
 0002:00000720       ??_C@_0JA@HMAFJNHJ@60?500?501?501?5B0?500?501?500?580?500?580@ 00417720     sr1.obj
 0002:000007b0       ??_C@_0JA@NHBJDLGD@00?500?5FF?5FF?500?500?500?500?500?500?501@ 004177b0     sr1.obj
 0002:00000840       ??_C@_0JA@LFHEFECP@00?500?5FF?5FF?500?500?500?500?500?500?501@ 00417840     sr1.obj
 0002:000008d0       ??_C@_0JA@OEHFOMII@90?500?501?500?580?500?501?500?500?500?500@ 004178d0     sr1.obj
 0002:00000960       ??_C@_0JA@ENNJKPHJ@90?500?501?501?580?500?500?500?580?500?580@ 00417960     sr1.obj
 0002:000009f0       ??_C@_0JA@PJCNCJKJ@60?500?501?500?580?500?500?500?500?501?500@ 004179f0     sr1.obj
 0002:00000a80       ??_C@_0JA@KGCEDGDD@20?500?501?500?580?500?501?500?540?501?540@ 00417a80     sr1.obj
 0002:00000b10       ??_C@_0JA@LHJEICHL@90?500?501?501?5B0?500?501?500?580?500?580@ 00417b10     sr1.obj
 0002:00000ba0       ??_C@_0JA@IHCLBCGC@78?500?501?500?5C8?500?500?500?500?500?500@ 00417ba0     sr1.obj
 0002:00000c30       ??_C@_0JA@OEOLLNCG@64?500?501?500?582?500?500?500?500?500?500@ 00417c30     sr1.obj
 0002:00000cc0       ??_C@_0JA@EOLKBDPN@00?500?5FF?5FF?500?500?500?500?500?500?501@ 00417cc0     sr1.obj
 0002:00000d50       ??_C@_0JA@FGJILOBJ@90?500?501?501?580?500?500?500?580?500?580@ 00417d50     sr1.obj
 0002:00000de0       ??_C@_0JA@HLLJLGLP@78?500?501?500?5C8?500?500?500?500?500?500@ 00417de0     sr1.obj
 0002:00000e70       ??_C@_0JA@MFHPHINC@90?500?501?501?5B0?500?501?500?580?500?580@ 00417e70     sr1.obj
 0002:00000f00       ??_C@_0JA@ELJMNDDC@00?500?5FF?5FF?500?500?500?500?500?500?501@ 00417f00     sr1.obj
 0002:00000f90       ??_C@_0JA@GEKLBIAC@90?500?501?500?580?500?501?500?500?500?500@ 00417f90     sr1.obj
 0002:00001020       ??_C@_0JA@POJMPHLG@64?500?501?500?582?500?500?500?500?500?500@ 00418020     sr1.obj
 0002:000010b0       ??_C@_0JA@GFANAOPN@50?500?501?501?564?500?500?500?52C?501?52C@ 004180b0     sr1.obj
 0002:00001140       ??_C@_0JA@PIGBOALF@00?500?5FF?5FF?500?500?500?500?500?500?501@ 00418140     sr1.obj
 0002:000011d0       ??_C@_0JA@OOOLGKBO@90?500?501?500?580?500?501?500?500?500?500@ 004181d0     sr1.obj
 0002:00001260       ??_C@_0JA@EJOCLGAB@90?500?501?501?580?500?500?500?580?500?580@ 00418260     sr1.obj
 0002:000012f0       ??_C@_0JA@PDLDKPDP@60?500?501?500?580?500?500?500?500?501?500@ 004182f0     sr1.obj
 0002:00001380       ??_C@_0DA@EKNPAOGP@01?574?507?568?500?540?500?500?5EB?505?568@ 00418380     sr1.obj
 0002:000013b0       ??_C@_0CE@OLPHNHNE@83?5C4?504?585?5C0?575?5DA?55E?5C3?590?590@ 004183b0     sr1.obj
 0002:000013d4       ??_C@_0DD@DGAFHMC@51?523?508?53B?50C?524?575?5D4?559?5F7?5D1@ 004183d4     sr1.obj
 0002:00001408       ??_C@_0P@DMCEFKDI@59?509?508?55E?5C3?$AA@ 00418408     sr1.obj
 0002:00001418       ??_C@_0BC@FOGIPJGF@81?5E6?5FF?5FF?5DF?5FF?$AA@ 00418418     sr1.obj
 0002:0000142c       ??_C@_0BL@BDBNJBOO@C6?543?504?500?55B?5C3?590?590?590?$AA@ 0041842c     sr1.obj
 0002:00001448       ??_C@_08GCDLCHLP@53?58B?51D?$AA@ 00418448     sr1.obj
 0002:00001454       ??_C@_0BO@BKFOMJEA@00?500?520?500?575?504?583?5C4?51C?5C3?$AA@ 00418454     sr1.obj
 0002:00001474       ??_C@_0BC@NHNEOEEG@56?5FF?5D1?55E?5F7?505?$AA@ 00418474     sr1.obj
 0002:00001488       ??_C@_0BC@GNDIJGAN@83?5C4?504?5C3?590?590?$AA@ 00418488     sr1.obj
 0002:0000149c       ??_C@_08NDAGOLKJ@EB?505?568?$AA@ 0041849c     sr1.obj
 0002:000014a8       ??_C@_0FH@BEMBNFPK@F6?540?508?501?58B?550?510?58B?548?514?58B@ 004184a8     sr1.obj
 0002:00001500       ??_C@_08OMIMBAKA@C3?590?590?$AA@ 00418500     sr1.obj
 0002:0000150c       ??_C@_08BDHEMIDF@C0?5E8?502?$AA@ 0041850c     sr1.obj
 0002:00001518       ??_C@_05OFOPCCHN@8A?505?$AA@ 00418518     sr1.obj
 0002:00001520       ??_C@_05BBCNKAMD@88?505?$AA@ 00418520     sr1.obj
 0002:00001528       ??_C@_0M@JKNBNIA@90?590?58A?505?$AA@ 00418528     sr1.obj
 0002:00001534       ??_C@_0BO@FLLGJADF@06?574?51A?5EB?505?590?590?590?590?590?$AA@ 00418534     sr1.obj
 0002:00001554       ??_C@_0P@IKEKIFGA@04?574?523?583?53D?$AA@ 00418554     sr1.obj
 0002:00001564       ??_C@_05FCJPGHDM@83?53D?$AA@ 00418564     sr1.obj
 0002:0000156c       ??_C@_0BF@NMKNFIGL@83?5C4?50C?5C3?590?590?590?$AA@ 0041856c     sr1.obj
 0002:00001584       ??_C@_0DM@FGPLJLDC@06?575?519?56A?520?568?50C?500?500?501?5EB@ 00418584     sr1.obj
 0002:000015c0       ??_C@_0P@HPGNLJDL@04?574?512?583?53D?$AA@ 004185c0     sr1.obj
 0002:000015d0       ??_C@_08MNLGMOFJ@90?583?53D?$AA@ 004185d0     sr1.obj
 0002:000015dc       ??_C@_0DM@LKDOAFGL@83?5C4?514?566?5C7?587?540?501?500?500?510@ 004185dc     sr1.obj
 0002:00001618       ??_C@_0DA@NELJPCCF@83?5C4?508?56A?514?56A?50A?56A?546?568?544@ 00418618     sr1.obj
 0002:00001648       ??_C@_0M@IFIKMODK@6A?51F?556?5E8?$AA@ 00418648     sr1.obj
 0002:00001654       ??_C@_0P@LEMJLPAL@83?5FB?505?50F?587?$AA@ 00418654     sr1.obj
 0002:00001664       ??_C@_0BI@OABEGEKL@C3?583?5EA?51F?53E?58D?504?5D5?$AA@ 00418664     sr1.obj
 0002:0000167c       ??_C@_0BI@OCHCKMHJ@83?5FA?51E?57F?508?58D?504?5D5?$AA@ 0041867c     sr1.obj
 0002:00001698       ??_C@_0FE@ILHMLNPI@83?5EC?540?553?555?556?58B?574?524?550?533@ 00418698     sr1.obj
 0002:000016ec       ??_C@_0M@MDDJFDL@83?5C4?508?5E9?$AA@ 004186ec     sr1.obj
 0002:000016f8       ??_C@_0BF@KGENOMAC@83?5C4?504?56A?520?556?5E8?$AA@ 004186f8     sr1.obj
 0002:00001710       ??_C@_0EC@EHOFEPPH@83?5C4?504?53B?5DD?574?521?58B?517?58D?586@ 00418710     sr1.obj
 0002:00001754       ??_C@_0P@CCGMFOAM@83?5C4?50C?556?5E8?$AA@ 00418754     sr1.obj
 0002:00001764       ??_C@_0DJ@KBNFAEJA@8B?58F?500?501?500?500?583?5C4?504?53B?5C8@ 00418764     sr1.obj
 0002:000017a0       ??_C@_0FN@CFPOJHLI@83?5C4?508?585?5C0?575?509?580?5BF?544?501@ 004187a0     sr1.obj
 0002:00001800       ??_C@_0FH@KCKDKMEM@53?555?556?58B?574?524?510?533?5ED?533?5DB@ 00418800     sr1.obj
 0002:00001858       ??_C@_0BE@BGCGGICA@Camera?5Possess?5Next?$AA@ 00418858     sr1.obj
 0002:0000186c       ??_C@_0BM@EHFEIMNB@Switching?5possession?5to?5?$CFs?6?$AA@ 0041886c     sr1.obj
 0002:00001888       ??_C@_0CME@HPHAMHOI@A1?568?547?54E?500?556?557?58B?53D?5D4?537@ 00418888     sr1.obj
 0002:00001b4c       ??_C@_0O@CHOIAJEM@Fire?5Glyph?4?4?4?$AA@ 00418b4c     sr1.obj
 0002:00001b5c       ??_C@_09LPELIBOC@Chrono?519?$AA@ 00418b5c     sr1.obj
 0002:00001b68       ??_C@_06KEFJFBOF@Push?51?$AA@ 00418b68     sr1.obj
 0002:00001b70       ??_C@_07BNENDHKN@City?510?$AA@ 00418b70     sr1.obj
 0002:00001b78       ??_C@_0P@CMJCKHEA@Cheats?5Menu?4?4?4?$AA@ 00418b78     sr1.obj
 0002:00001b88       ??_C@_0N@PCGLJAPA@Debug?5Events?$AA@ 00418b88     sr1.obj
 0002:00001b98       ??_C@_0N@EFHHBIKC@Save?5Menu?4?4?4?$AA@ 00418b98     sr1.obj
 0002:00001ba8       ??_C@_0P@KKPKCDLF@Debug?5CD?5Loads?$AA@ 00418ba8     sr1.obj
 0002:00001bb8       ??_C@_0O@KJPIAFEG@Sound?5Menu?4?4?4?$AA@ 00418bb8     sr1.obj
 0002:00001bc8       ??_C@_0BA@NIGCGILH@Goodies?5Menu?4?4?4?$AA@ 00418bc8     sr1.obj
 0002:00001bd8       ??_C@_0N@GEMCHJJM@Ghost?5Camera?$AA@ 00418bd8     sr1.obj
 0002:00001be8       ??_C@_0BC@PKIHEKCA@AI?1Script?5Menu?4?4?4?$AA@ 00418be8     sr1.obj
 0002:00001bfc       ??_C@_0M@GOPOJCMA@Short?5Stats?$AA@ 00418bfc     sr1.obj
 0002:00001c08       ??_C@_0M@EBMEKBDJ@Kain?5Reaver?$AA@ 00418c08     sr1.obj
 0002:00001c14       ??_C@_0N@FCPHEMCC@Ariel?5Reaver?$AA@ 00418c14     sr1.obj
 0002:00001c24       ??_C@_0N@PDMPLMEC@Sound?5Reaver?$AA@ 00418c24     sr1.obj
 0002:00001c34       ??_C@_0BA@BLHMKBEL@Sunlight?5Reaver?$AA@ 00418c34     sr1.obj
 0002:00001c44       ??_C@_0N@DMPDBKAG@Water?5Reaver?$AA@ 00418c44     sr1.obj
 0002:00001c58       ??_C@_0OL@OPIJGJNH@83?5EC?53C?553?555?556?58B?574?524?54C?557@ 00418c58     sr1.obj
 0002:00001d48       ??_C@_0FE@MBMGDFBE@83?5E1?500?5BE?501?500?500?500?581?5C9?500@ 00418d48     sr1.obj
 0002:00001d9c       ??_C@_0BM@LONBLLBM@Legacy?5of?5Kain?3?5Soul?5Reaver?$AA@ 00418d9c     sr1.obj
 0002:00001db8       ??_C@_08CDLDAHAF@Swim?5Off?$AA@ 00418db8     WinMain.obj
 0002:00001dc4       ??_C@_07GGIPEJC@Swim?5On?$AA@ 00418dc4     WinMain.obj
 0002:00001dcc       ??_C@_09NJPEIPMM@Debug?5Off?$AA@ 00418dcc     WinMain.obj
 0002:00001dd8       ??_C@_08EONNFOIM@Debug?5On?$AA@ 00418dd8     WinMain.obj
 0002:00001de4       ??_C@_0BO@MPMDAKAG@Soul?5Reaver?5Trainer?5v2?43?5Beta?$AA@ 00418de4     WinMain.obj
 0002:00001e04       ??_C@_09BOJGMIGB@SubWindow?$AA@ 00418e04     WinMain.obj
 0002:00001e10       ??_C@_0L@PKBKLDDM@MainWindow?$AA@ 00418e10     WinMain.obj
 0002:00001e1b       ??_C@_00CNPNBAHC@?$AA@     00418e1b     WinMain.obj
 0002:00001e1c       ??_C@_0BF@LKOMBMBF@Microsoft?5Sans?5Serif?$AA@ 00418e1c     WinMain.obj
 0002:00001e34       ??_C@_08LFNHCBMB@LEFT?5ALT?$AA@ 00418e34     WinMain.obj
 0002:00001e40       ??_C@_09FLPKHFKM@LEFT?5CTRL?$AA@ 00418e40     WinMain.obj
 0002:00001e4c       ??_C@_0L@CNKFKALG@LEFT?5SHIFT?$AA@ 00418e4c     WinMain.obj
 0002:00001e58       ??_C@_0N@LPLMLKCG@PRINT?5SCREEN?$AA@ 00418e58     WinMain.obj
 0002:00001e68       ??_C@_06LKBCGDFD@Button?$AA@ 00418e68     WinMain.obj
 0002:00001e70       ??_C@_08NGGNOKDJ@ComboBox?$AA@ 00418e70     WinMain.obj
 0002:00001e7c       ??_C@_0L@EHNAEJIF@dbgdel?4cpp?$AA@ 00418e7c     LIBCD:dbgdel.obj
 0002:00001e88       ??_C@_0CH@IAGMNLOM@_BLOCK_TYPE_IS_VALID?$CIpHead?9?$DOnBlo@ 00418e88     LIBCD:dbgdel.obj
 0002:00001eb0       ??_C@_0P@NHGFNCDP@format?5?$CB?$DN?5NULL?$AA@ 00418eb0     LIBCD:sscanf.obj
 0002:00001ec0       ??_C@_08MPLNDKMI@sscanf?4c?$AA@ 00418ec0     LIBCD:sscanf.obj
 0002:00001ecc       ??_C@_0P@NFGNABCI@string?5?$CB?$DN?5NULL?$AA@ 00418ecc     LIBCD:sscanf.obj
 0002:00001edc       ??_C@_09FNBBCGGI@sprintf?4c?$AA@ 00418edc     LIBCD:sprintf.obj
 0002:00001ee8       ??_C@_08GNMOIKDK@onexit?4c?$AA@ 00418ee8     LIBCD:onexit.obj
 0002:00001f04       ??_C@_0CK@CNLNOEPB@Local?5variable?5used?5before?5initi@ 00418f04     LIBCD:userapi.obj
 0002:00001f30       ??_C@_0BI@CIGMDCBH@Stack?5memory?5corruption?$AA@ 00418f30     LIBCD:userapi.obj
 0002:00001f48       ??_C@_0CK@FEGOIOPB@Cast?5to?5smaller?5type?5causing?5los@ 00418f48     LIBCD:userapi.obj
 0002:00001f74       ??_C@_0BJ@HEGAHDFO@Stack?5pointer?5corruption?$AA@ 00418f74     LIBCD:userapi.obj
 0002:00001f90       ??_C@_0O@NJIIDJEH@i386?2chkesp?4c?$AA@ 00418f90     LIBCD:chkesp.obj
 0002:00001fa0       ??_C@_0NM@DNEDKLDF@The?5value?5of?5ESP?5was?5not?5properl@ 00418fa0     LIBCD:chkesp.obj
 0002:0000207c       ??_C@_06PJIGMIJB@Client?$AA@ 0041907c     LIBCD:dbgheap.obj
 0002:00002084       ??_C@_06KMEJCCGM@Ignore?$AA@ 00419084     LIBCD:dbgheap.obj
 0002:0000208c       ??_C@_03OGPFLFLO@CRT?$AA@  0041908c     LIBCD:dbgheap.obj
 0002:00002090       ??_C@_06EFAGIKOH@Normal?$AA@ 00419090     LIBCD:dbgheap.obj
 0002:00002098       ??_C@_04HJMOFLDF@Free?$AA@ 00419098     LIBCD:dbgheap.obj
 0002:000020a0       ??_C@_0DC@JEMAGEKG@Error?3?5memory?5allocation?3?5bad?5me@ 004190a0     LIBCD:dbgheap.obj
 0002:000020d4       ??_C@_0CF@BICKFLAF@Invalid?5allocation?5size?3?5?$CFIu?5byt@ 004190d4     LIBCD:dbgheap.obj
 0002:000020fc       ??_C@_02DKCKIIND@?$CFs?$AA@ 004190fc     LIBCD:dbgheap.obj
 0002:00002100       ??_C@_0CB@CCLOLAHO@Client?5hook?5allocation?5failure?4?6@ 00419100     LIBCD:dbgheap.obj
 0002:00002124       ??_C@_0DF@BBEGIFEK@Client?5hook?5allocation?5failure?5a@ 00419124     LIBCD:dbgheap.obj
 0002:0000215c       ??_C@_09DPMMACIH@dbgheap?4c?$AA@ 0041915c     LIBCD:dbgheap.obj
 0002:00002168       ??_C@_0BC@FKEPGOPH@_CrtCheckMemory?$CI?$CJ?$AA@ 00419168     LIBCD:dbgheap.obj
 0002:0000217c       ??_C@_0BK@DJDKJKNJ@_pFirstBlock?5?$DN?$DN?5pOldBlock?$AA@ 0041917c     LIBCD:dbgheap.obj
 0002:00002198       ??_C@_0BJ@PGMLBCKP@_pLastBlock?5?$DN?$DN?5pOldBlock?$AA@ 00419198     LIBCD:dbgheap.obj
 0002:000021b4       ??_C@_0DC@LIEEBBFH@fRealloc?5?$HM?$HM?5?$CI?$CBfRealloc?5?$CG?$CG?5pNewBl@ 004191b4     LIBCD:dbgheap.obj
 0002:000021e8       ??_C@_0EF@BKJNHFDP@pOldBlock?9?$DOnLine?5?$DN?$DN?5IGNORE_LINE?5@ 004191e8     LIBCD:dbgheap.obj
 0002:00002230       ??_C@_0CC@MCCNOMLK@_CrtIsValidHeapPointer?$CIpUserData@ 00419230     LIBCD:dbgheap.obj
 0002:00002258       ??_C@_0EM@LGFLMAGJ@The?5Block?5at?50x?$CFp?5was?5allocated?5@ 00419258     LIBCD:dbgheap.obj
 0002:000022a4       ??_C@_0CO@KPNFNEPA@Allocation?5too?5large?5or?5negative@ 004192a4     LIBCD:dbgheap.obj
 0002:000022d4       ??_C@_0CE@DOFMDOL@Client?5hook?5re?9allocation?5failur@ 004192d4     LIBCD:dbgheap.obj
 0002:000022f8       ??_C@_0DI@KKJPDPGM@Client?5hook?5re?9allocation?5failur@ 004192f8     LIBCD:dbgheap.obj
 0002:00002330       ??_C@_0BG@JDINNDDC@_pFirstBlock?5?$DN?$DN?5pHead?$AA@ 00419330     LIBCD:dbgheap.obj
 0002:00002348       ??_C@_0BF@LMGMGAEG@_pLastBlock?5?$DN?$DN?5pHead?$AA@ 00419348     LIBCD:dbgheap.obj
 0002:00002360       ??_C@_0BO@LGCGBMOH@pHead?9?$DOnBlockUse?5?$DN?$DN?5nBlockUse?$AA@ 00419360     LIBCD:dbgheap.obj
 0002:00002380       ??_C@_0DN@GKKPDMLN@pHead?9?$DOnLine?5?$DN?$DN?5IGNORE_LINE?5?$CG?$CG?5p@ 00419380     LIBCD:dbgheap.obj
 0002:000023c0       ??_C@_0CI@CMGHMNIC@DAMAGE?3?5after?5?$CFhs?5block?5?$CI?$CD?$CFd?$CJ?5at@ 004193c0     LIBCD:dbgheap.obj
 0002:000023e8       ??_C@_0CJ@OHOOBLKI@DAMAGE?3?5before?5?$CFhs?5block?5?$CI?$CD?$CFd?$CJ?5a@ 004193e8     LIBCD:dbgheap.obj
 0002:00002414       ??_C@_0BL@KEIPLFAC@Client?5hook?5free?5failure?4?6?$AA@ 00419414     LIBCD:dbgheap.obj
 0002:00002430       ??_C@_0EJ@HEIBCIMJ@The?5Block?5at?50x?$CFp?5was?5allocated?5@ 00419430     LIBCD:dbgheap.obj
 0002:0000247c       ??_C@_0CI@JMLBEDHJ@?$CFhs?5located?5at?50x?$CFp?5is?5?$CFIu?5bytes@ 0041947c     LIBCD:dbgheap.obj
 0002:000024a4       ??_C@_0CA@FGFAGAOM@?$CFhs?5allocated?5at?5file?5?$CFhs?$CI?$CFd?$CJ?4?6?$AA@ 004194a4     LIBCD:dbgheap.obj
 0002:000024c4       ??_C@_0CH@JKKAOBEK@DAMAGE?3?5on?5top?5of?5Free?5block?5at?5@ 004194c4     LIBCD:dbgheap.obj
 0002:000024ec       ??_C@_07OHKEFPKJ@DAMAGED?$AA@ 004194ec     LIBCD:dbgheap.obj
 0002:000024f4       ??_C@_0CL@HNNNMKMJ@_heapchk?5fails?5with?5unknown?5retu@ 004194f4     LIBCD:dbgheap.obj
 0002:00002520       ??_C@_0CC@MFFCHFHO@_heapchk?5fails?5with?5_HEAPBADPTR?4@ 00419520     LIBCD:dbgheap.obj
 0002:00002544       ??_C@_0CC@MJGLGBDG@_heapchk?5fails?5with?5_HEAPBADEND?4@ 00419544     LIBCD:dbgheap.obj
 0002:00002568       ??_C@_0CD@CPKEAPBD@_heapchk?5fails?5with?5_HEAPBADNODE@ 00419568     LIBCD:dbgheap.obj
 0002:0000258c       ??_C@_0CE@MKKHMBMK@_heapchk?5fails?5with?5_HEAPBADBEGI@ 0041958c     LIBCD:dbgheap.obj
 0002:000025b0       ??_C@_0CB@EAAIGELO@Bad?5memory?5block?5found?5at?50x?$CFp?4?6@ 004195b0     LIBCD:dbgheap.obj
 0002:000025d4       ??_C@_0CI@KDKEAJEJ@_CrtMemCheckPoint?3?5NULL?5state?5po@ 004195d4     LIBCD:dbgheap.obj
 0002:000025fc       ??_C@_0CI@ENCLCMLG@_CrtMemDifference?3?5NULL?5state?5po@ 004195fc     LIBCD:dbgheap.obj
 0002:00002624       ??_C@_0BH@GFGKJDCO@Object?5dump?5complete?4?6?$AA@ 00419624     LIBCD:dbgheap.obj
 0002:0000263c       ??_C@_0DA@MDLBNIBM@crt?5block?5at?50x?$CFp?0?5subtype?5?$CFx?0?5?$CF@ 0041963c     LIBCD:dbgheap.obj
 0002:0000266c       ??_C@_0CH@FAGDDGPN@normal?5block?5at?50x?$CFp?0?5?$CFIu?5bytes?5@ 0041966c     LIBCD:dbgheap.obj
 0002:00002694       ??_C@_0DD@GHNAAKBB@client?5block?5at?50x?$CFp?0?5subtype?5?$CFx@ 00419694     LIBCD:dbgheap.obj
 0002:000026c8       ??_C@_06PKLGBFGM@?$HL?$CFld?$HN?5?$AA@ 004196c8     LIBCD:dbgheap.obj
 0002:000026d0       ??_C@_0L@JMEFFCCJ@?$CFhs?$CI?$CFd?$CJ?5?3?5?$AA@ 004196d0     LIBCD:dbgheap.obj
 0002:000026dc       ??_C@_0BE@OIEFNFL@?$CDFile?5Error?$CD?$CI?$CFd?$CJ?5?3?5?$AA@ 004196dc     LIBCD:dbgheap.obj
 0002:000026f0       ??_C@_0BE@KCIPKCIA@Dumping?5objects?5?9?$DO?6?$AA@ 004196f0     LIBCD:dbgheap.obj
 0002:00002704       ??_C@_0BA@HJBKCELP@?5Data?3?5?$DM?$CFs?$DO?5?$CFs?6?$AA@ 00419704     LIBCD:dbgheap.obj
 0002:00002714       ??_C@_05MKKEDADM@?$CF?42X?5?$AA@ 00419714     LIBCD:dbgheap.obj
 0002:0000271c       ??_C@_0BI@JBFPOEJA@Detected?5memory?5leaks?$CB?6?$AA@ 0041971c     LIBCD:dbgheap.obj
 0002:00002734       ??_C@_0BP@DEDHGGGI@Total?5allocations?3?5?$CFId?5bytes?4?6?$AA@ 00419734     LIBCD:dbgheap.obj
 0002:00002754       ??_C@_0CB@BLHDAFNE@Largest?5number?5used?3?5?$CFId?5bytes?4?6@ 00419754     LIBCD:dbgheap.obj
 0002:00002778       ??_C@_0BO@DACNIABB@?$CFId?5bytes?5in?5?$CFId?5?$CFhs?5Blocks?4?6?$AA@ 00419778     LIBCD:dbgheap.obj
 0002:00002798       ??_C@_0CC@GFBJAAAH@?$CI?$CCoffset?5must?5be?5within?5size?$CC?0?50@ 00419798     LIBCD:dbgheap.obj
 0002:000027bc       ??_C@_0CF@PGBEDOC@?$CI?$CCalignment?5must?5be?5a?5power?5of?52@ 004197bc     LIBCD:dbgheap.obj
 0002:000027e4       ??_C@_0DL@PGHMMKNE@Damage?5before?50x?$CFp?5which?5was?5all@ 004197e4     LIBCD:dbgheap.obj
 0002:00002820       ??_C@_0EI@NDNJMAJK@The?5block?5at?50x?$CFp?5was?5not?5alloca@ 00419820     LIBCD:dbgheap.obj
 0002:00002868       ??_C@_0EF@PGELACII@The?5block?5at?50x?$CFp?5was?5not?5alloca@ 00419868     LIBCD:dbgheap.obj
 0002:000028b0       ??_C@_0BB@NAGLCMLI@Assertion?5Failed?$AA@ 004198b0     LIBCD:dbgrpt.obj
 0002:000028c4       ??_C@_05NAOIJFC@Error?$AA@ 004198c4     LIBCD:dbgrpt.obj
 0002:000028cc       ??_C@_07KGMMFLDN@Warning?$AA@ 004198cc     LIBCD:dbgrpt.obj
 0002:000028d4       ??_C@_08ODMAMGBE@dbgrpt?4c?$AA@ 004198d4     LIBCD:dbgrpt.obj
 0002:000028e0       ??_C@_0M@IPILFDFN@?$CFs?$CI?$CFd?$CJ?5?3?5?$CFs?$AA@ 004198e0     LIBCD:dbgrpt.obj
 0002:000028ec       ??_C@_01EEMJAFIK@?6?$AA@   004198ec     LIBCD:dbgrpt.obj
 0002:000028f0       ??_C@_01LIIJDEN@?$AN?$AA@  004198f0     LIBCD:dbgrpt.obj
 0002:000028f4       ??_C@_0BC@LAIDCHCH@Assertion?5failed?$CB?$AA@ 004198f4     LIBCD:dbgrpt.obj
 0002:00002908       ??_C@_0BD@CAENFOHP@Assertion?5failed?3?5?$AA@ 00419908     LIBCD:dbgrpt.obj
 0002:0000291c       ??_C@_0CL@EACFGMNB@_CrtDbgReport?3?5String?5too?5long?5o@ 0041991c     LIBCD:dbgrpt.obj
 0002:00002948       ??_C@_0DC@HLHDIIKH@Second?5Chance?5Assertion?5Failed?3?5@ 00419948     LIBCD:dbgrpt.obj
 0002:0000297c       ??_C@_09FOPFMPEJ@wsprintfA?$AA@ 0041997c     LIBCD:dbgrpt.obj
 0002:00002988       ??_C@_0L@GMPLCCII@user32?4dll?$AA@ 00419988     LIBCD:dbgrpt.obj
 0002:00002994       ??_C@_0CD@EBCGLDDL@Microsoft?5Visual?5C?$CL?$CL?5Debug?5Libra@ 00419994     LIBCD:dbgrpt.obj
 0002:000029b8       ??_C@_0FD@IIKNDPHJ@Debug?5?$CFs?$CB?6?6Program?3?5?$CFs?$CFs?$CFs?$CFs?$CFs?$CFs@ 004199b8     LIBCD:dbgrpt.obj
 0002:00002a0c       ??_C@_09OFBFHMBK@?6Module?3?5?$AA@ 00419a0c     LIBCD:dbgrpt.obj
 0002:00002a18       ??_C@_07OPHPPLBG@?6File?3?5?$AA@ 00419a18     LIBCD:dbgrpt.obj
 0002:00002a20       ??_C@_07DBMPPHDI@?6Line?3?5?$AA@ 00419a20     LIBCD:dbgrpt.obj
 0002:00002a28       ??_C@_02PHMGELLB@?6?6?$AA@ 00419a28     LIBCD:dbgrpt.obj
 0002:00002a2c       ??_C@_0N@MEECIJGN@Expression?3?5?$AA@ 00419a2c     LIBCD:dbgrpt.obj
 0002:00002a40       ??_C@_0HD@GNBNFCCL@?6?6For?5information?5on?5how?5your?5pr@ 00419a40     LIBCD:dbgrpt.obj
 0002:00002ab4       ??_C@_03KHICJKCI@?4?4?4?$AA@ 00419ab4     LIBCD:dbgrpt.obj
 0002:00002ab8       ??_C@_0BH@DNAGHKFM@?$DMprogram?5name?5unknown?$DO?$AA@ 00419ab8     LIBCD:dbgrpt.obj
 0002:00002ad0       ??_C@_0BG@IHOEIIEJ@szUserMessage?5?$CB?$DN?5NULL?$AA@ 00419ad0     LIBCD:dbgrpt.obj
 0002:00002afc       ??_C@_0BO@GNIAFIKK@Unknown?5Runtime?5Check?5Error?6?$AN?$AA@ 00419afc     LIBCD:error.obj
 0002:00002b1c       ??_C@_0DG@HKJMLLLP@A?5local?5variable?5was?5used?5before@ 00419b1c     LIBCD:error.obj
 0002:00002b54       ??_C@_0BN@FFOINMNJ@Stack?5memory?5was?5corrupted?6?$AN?$AA@ 00419b54     LIBCD:error.obj
 0002:00002b78       ??_C@_0BBN@GPMLNJCF@A?5cast?5to?5a?5smaller?5data?5type?5ha@ 00419b78     LIBCD:error.obj
 0002:00002c98       ??_C@_0NN@NGPKDKPD@The?5value?5of?5ESP?5was?5not?5properl@ 00419c98     LIBCD:error.obj
 0002:00002d78       ??_C@_0CA@IODNCDPG@Run?9Time?5Check?5Failure?5?$CD?$CFd?5?9?5?$CFs?$AA@ 00419d78     LIBCD:error.obj
 0002:00002db4       ??_C@_0L@CJCNHJJG@?6?$ANModule?3?7?$AA@ 00419db4     LIBCD:error.obj
 0002:00002dc0       ??_C@_08GJEJCAJD@?6?$ANLine?3?7?$AA@ 00419dc0     LIBCD:error.obj
 0002:00002dcc       ??_C@_0CI@INCLAPNB@Invalid?5pointer?5was?5assigned?5at?6@ 00419dcc     LIBCD:error.obj
 0002:00002df4       ??_C@_0BB@JEGFEAAM@?8?5was?5corrupted?4?$AA@ 00419df4     LIBCD:error.obj
 0002:00002e08       ??_C@_0BM@FGFAMDLF@Stack?5around?5the?5variable?5?8?$AA@ 00419e08     LIBCD:error.obj
 0002:00002e24       ??_C@_0DA@BEGFPCGG@A?5variable?5is?5being?5used?5without@ 00419e24     LIBCD:error.obj
 0002:00002e54       ??_C@_0CH@LOIIHGKM@?8?5is?5being?5used?5without?5being?5de@ 00419e54     LIBCD:error.obj
 0002:00002e7c       ??_C@_0P@HLKMHJCG@The?5variable?5?8?$AA@ 00419e7c     LIBCD:error.obj
 0002:00002e8c       ??_C@_0BC@KNBMEBEO@IsDebuggerPresent?$AA@ 00419e8c     LIBCD:error.obj
 0002:00002ea0       ??_C@_0N@HAOHNMDE@Kernel32?4dll?$AA@ 00419ea0     LIBCD:error.obj
 0002:00002eb0       ??_C@_0P@FELNCIKG@stream?5?$CB?$DN?5NULL?$AA@ 00419eb0     LIBCD:input.obj
 0002:00002ec0       ??_C@_07CMLOKKIF@input?4c?$AA@ 00419ec0     LIBCD:input.obj
 0002:00002ed4       ??_C@_09BLOOPMDK@isctype?4c?$AA@ 00419ed4     LIBCD:isctype.obj
 0002:00002ee0       ??_C@_0BJ@IAKBGELC@?$CIunsigned?$CJ?$CIc?5?$CL?51?$CJ?5?$DM?$DN?5256?$AA@ 00419ee0     LIBCD:isctype.obj
 0002:00002efc       ??_C@_0DP@FICHPIPH@?$CI?$CCinconsistent?5IOB?5fields?$CC?0?5stre@ 00419efc     LIBCD:_flsbuf.obj
 0002:00002f3c       ??_C@_09DHJHPHJP@_flsbuf?4c?$AA@ 00419f3c     LIBCD:_flsbuf.obj
 0002:00002f48       ??_C@_0M@CMNAFCJK@str?5?$CB?$DN?5NULL?$AA@ 00419f48     LIBCD:_flsbuf.obj
 0002:00002f58       ___lookuptable             00419f58     LIBCD:output.obj
 0002:00002fb4       ??_C@_1O@CEDCILHN@?$AA?$CI?$AAn?$AAu?$AAl?$AAl?$AA?$CJ?$AA?$AA@ 00419fb4     LIBCD:output.obj
 0002:00002fc4       ??_C@_06OJHGLDPL@?$CInull?$CJ?$AA@ 00419fc4     LIBCD:output.obj
 0002:00002fcc       ??_C@_08MEPFMIND@output?4c?$AA@ 00419fcc     LIBCD:output.obj
 0002:00002fd8       ??_C@_0P@LGFCLPDP@ch?5?$CB?$DN?5_T?$CI?8?20?8?$CJ?$AA@ 00419fd8     LIBCD:output.obj
 0002:00002fe8       ??_C@_0P@MIGLKIOC@CorExitProcess?$AA@ 00419fe8     LIBCD:crt0dat.obj
 0002:00002ff8       ??_C@_0M@MBOPBNBK@mscoree?4dll?$AA@ 00419ff8     LIBCD:crt0dat.obj
 0002:00003004       ??_C@_09HCDLHOJP@stdenvp?4c?$AA@ 0041a004     LIBCD:stdenvp.obj
 0002:00003010       ??_C@_09IKILHJIC@stdargv?4c?$AA@ 0041a010     LIBCD:stdargv.obj
 0002:0000301c       ??_C@_07BPGNOCOG@a_env?4c?$AA@ 0041a01c     LIBCD:a_env.obj
 0002:00003024       ??_C@_08MAFBHINM@ioinit?4c?$AA@ 0041a024     LIBCD:ioinit.obj
 0002:0000304c       ??_C@_0P@GGKDKEEG@runtime?5error?5?$AA@ 0041a04c     LIBCD:crt0msg.obj
 0002:0000305c       ??_C@_02PCIJFNDE@?$AN?6?$AA@ 0041a05c     LIBCD:crt0msg.obj
 0002:00003060       ??_C@_0O@MJNIPGOH@TLOSS?5error?$AN?6?$AA@ 0041a060     LIBCD:crt0msg.obj
 0002:00003070       ??_C@_0N@BONNPDHF@SING?5error?$AN?6?$AA@ 0041a070     LIBCD:crt0msg.obj
 0002:00003080       ??_C@_0P@MBDAJNE@DOMAIN?5error?$AN?6?$AA@ 0041a080     LIBCD:crt0msg.obj
 0002:00003090       ??_C@_0KC@BDDGGBEJ@R6029?$AN?6?9?5This?5application?5cannot@ 0041a090     LIBCD:crt0msg.obj
 0002:00003134       ??_C@_0CF@KJDAIALP@R6028?$AN?6?9?5unable?5to?5initialize?5he@ 0041a134     LIBCD:crt0msg.obj
 0002:0000315c       ??_C@_0DF@GAKBPDFP@R6027?$AN?6?9?5not?5enough?5space?5for?5lo@ 0041a15c     LIBCD:crt0msg.obj
 0002:00003194       ??_C@_0DF@IBLNNAIG@R6026?$AN?6?9?5not?5enough?5space?5for?5st@ 0041a194     LIBCD:crt0msg.obj
 0002:000031cc       ??_C@_0CG@IOHKGFNJ@R6025?$AN?6?9?5pure?5virtual?5function?5c@ 0041a1cc     LIBCD:crt0msg.obj
 0002:000031f4       ??_C@_0DF@JIJJFJDC@R6024?$AN?6?9?5not?5enough?5space?5for?5_o@ 0041a1f4     LIBCD:crt0msg.obj
 0002:0000322c       ??_C@_0CJ@EGEJHFME@R6019?$AN?6?9?5unable?5to?5open?5console?5@ 0041a22c     LIBCD:crt0msg.obj
 0002:00003258       ??_C@_0CB@GNHNIELH@R6018?$AN?6?9?5unexpected?5heap?5error?$AN?6@ 0041a258     LIBCD:crt0msg.obj
 0002:0000327c       ??_C@_0CN@FOLDKNG@R6017?$AN?6?9?5unexpected?5multithread?5@ 0041a27c     LIBCD:crt0msg.obj
 0002:000032ac       ??_C@_0CM@FAHFJNHO@R6016?$AN?6?9?5not?5enough?5space?5for?5th@ 0041a2ac     LIBCD:crt0msg.obj
 0002:000032d8       ??_C@_0JG@LBKMGKLD@?$AN?6This?5application?5has?5requested@ 0041a2d8     LIBCD:crt0msg.obj
 0002:00003370       ??_C@_0CM@FLCNIPKK@R6009?$AN?6?9?5not?5enough?5space?5for?5en@ 0041a370     LIBCD:crt0msg.obj
 0002:0000339c       ??_C@_0CK@KMMJOAPP@R6008?$AN?6?9?5not?5enough?5space?5for?5ar@ 0041a39c     LIBCD:crt0msg.obj
 0002:000033c8       ??_C@_0CF@HOHMHDEK@R6002?$AN?6?9?5floating?5point?5not?5load@ 0041a3c8     LIBCD:crt0msg.obj
 0002:000033f0       ??_C@_0CF@GOGNBNAK@Microsoft?5Visual?5C?$CL?$CL?5Runtime?5Lib@ 0041a3f0     LIBCD:crt0msg.obj
 0002:00003418       ??_C@_0BK@OFGJDLJJ@Runtime?5Error?$CB?6?6Program?3?5?$AA@ 0041a418     LIBCD:crt0msg.obj
 0002:00003444       ??_C@_0CP@PEILCOHB@f?3?2vs70builds?23077?2vc?2crtbld?2crt@ 0041a444     LIBCD:snprintf.obj
 0002:00003474       ??_C@_0DA@KHEJFFIK@f?3?2vs70builds?23077?2vc?2crtbld?2crt@ 0041a474     LIBCD:vsnprint.obj
 0002:000034a4       ??_C@_0BI@DFKBFLJE@GetProcessWindowStation?$AA@ 0041a4a4     LIBCD:crtmbox.obj
 0002:000034bc       ??_C@_0BK@CIDNPOGP@GetUserObjectInformationA?$AA@ 0041a4bc     LIBCD:crtmbox.obj
 0002:000034d8       ??_C@_0BD@HHGDFDBJ@GetLastActivePopup?$AA@ 0041a4d8     LIBCD:crtmbox.obj
 0002:000034ec       ??_C@_0BA@HNOPNCHB@GetActiveWindow?$AA@ 0041a4ec     LIBCD:crtmbox.obj
 0002:000034fc       ??_C@_0M@CHKKJDAI@MessageBoxA?$AA@ 0041a4fc     LIBCD:crtmbox.obj
 0002:00003508       ??_C@_0M@HHEBEAAO@MSPDB71?4DLL?$AA@ 0041a508     LIBCD:pdblkup.obj
 0002:00003514       ??_C@_01KDCPPGHE@r?$AA@    0041a514     LIBCD:pdblkup.obj
 0002:00003518       ??_C@_08ONJBEOFA@PDBClose?$AA@ 0041a518     LIBCD:pdblkup.obj
 0002:00003524       ??_C@_08NINFAAFA@DBIClose?$AA@ 0041a524     LIBCD:pdblkup.obj
 0002:00003530       ??_C@_08LIGPJJNA@ModClose?$AA@ 0041a530     LIBCD:pdblkup.obj
 0002:0000353c       ??_C@_0O@IPLOKOKN@ModQueryLines?$AA@ 0041a53c     LIBCD:pdblkup.obj
 0002:0000354c       ??_C@_0BE@GDNPNLGH@DBIQueryModFromAddr?$AA@ 0041a54c     LIBCD:pdblkup.obj
 0002:00003560       ??_C@_0L@KPMOCKEL@PDBOpenDBI?$AA@ 0041a560     LIBCD:pdblkup.obj
 0002:0000356c       ??_C@_0BB@PENKIMFE@PDBOpenValidate3?$AA@ 0041a56c     LIBCD:pdblkup.obj
 0002:00003580       ??_C@_0N@KIGOLBLC@Module32Next?$AA@ 0041a580     LIBCD:pdblkup.obj
 0002:00003590       ??_C@_0O@CNMFJJGO@Module32First?$AA@ 0041a590     LIBCD:pdblkup.obj
 0002:000035a0       ??_C@_0BF@OCLFCNKN@GetModuleInformation?$AA@ 0041a5a0     LIBCD:pdblkup.obj
 0002:000035b8       ??_C@_0BD@FIEJBLME@EnumProcessModules?$AA@ 0041a5b8     LIBCD:pdblkup.obj
 0002:000035cc       ??_C@_09EPMADGLA@PSAPI?4DLL?$AA@ 0041a5cc     LIBCD:pdblkup.obj
 0002:000035d8       ??_C@_0BJ@JEFKDHMD@CreateToolhelp32Snapshot?$AA@ 0041a5d8     LIBCD:pdblkup.obj
 0002:000035f4       ??_C@_0O@CHDGJGFP@ImageNtHeader?$AA@ 0041a5f4     LIBCD:pdblkup.obj
 0002:00003604       ??_C@_0N@KBGMOMJO@IMAGEHLP?4DLL?$AA@ 0041a604     LIBCD:pdblkup.obj
 0002:00003614       ??_C@_0N@NHGLKGEC@KERNEL32?4DLL?$AA@ 0041a614     LIBCD:pdblkup.obj
 0002:00003624       ??_C@_0BF@BMIHBHCA@EnvironmentDirectory?$AA@ 0041a624     LIBCD:pdblkup.obj
 0002:0000363c       ??_C@_0CN@KGLAKABH@SOFTWARE?2Microsoft?2VisualStudio?2@ 0041a63c     LIBCD:pdblkup.obj
 0002:0000366c       ??_C@_0M@HLOHPNFA@RegCloseKey?$AA@ 0041a66c     LIBCD:pdblkup.obj
 0002:00003678       ??_C@_0BB@HHEIPGME@RegQueryValueExA?$AA@ 0041a678     LIBCD:pdblkup.obj
 0002:0000368c       ??_C@_0O@DCOGKJGG@RegOpenKeyExA?$AA@ 0041a68c     LIBCD:pdblkup.obj
 0002:0000369c       ??_C@_0N@JJPEKNFO@ADVAPI32?4DLL?$AA@ 0041a69c     LIBCD:pdblkup.obj
 0002:000036ac       ??_C@_08NJPDFEGP@mbtowc?4c?$AA@ 0041a6ac     LIBCD:mbtowc.obj
 0002:000036b8       ??_C@_0CD@GKGBOFGL@MB_CUR_MAX?5?$DN?$DN?51?5?$HM?$HM?5MB_CUR_MAX?5?$DN?$DN@ 0041a6b8     LIBCD:mbtowc.obj
 0002:000036e0       ___newctype                0041a6e0     LIBCD:ctype.obj
 0002:000039e0       __wctype                   0041a9e0     LIBCD:ctype.obj
 0002:00003be4       ??_C@_09OOOBBFNM@_filbuf?4c?$AA@ 0041abe4     LIBCD:_filbuf.obj
 0002:00003bf0       ??_C@_08CJEJHOKM@ungetc?4c?$AA@ 0041abf0     LIBCD:ungetc.obj
 0002:00003bfc       ??_C@_07GPNABLBE@a_str?4c?$AA@ 0041abfc     LIBCD:a_str.obj
 0002:00003c04       ??_C@_13NOLLCAOD@?$AA?$AA?$AA?$AA@ 0041ac04     LIBCD:a_str.obj
 0002:00003c14       ??_C@_09PKAEMGHJ@_getbuf?4c?$AA@ 0041ac14     LIBCD:_getbuf.obj
 0002:00003c20       ??_C@_07PNHPCIEC@_file?4c?$AA@ 0041ac20     LIBCD:_file.obj
 0002:00003c28       ??_C@_09KLGCKDOD@Program?3?5?$AA@ 0041ac28     LIBCD:secfail.obj
 0002:00003c38       ??_C@_0KA@JEHFIFGP@A?5buffer?5overrun?5has?5been?5detect@ 0041ac38     LIBCD:secfail.obj
 0002:00003cd8       ??_C@_0BJ@MDEKIEOJ@Buffer?5overrun?5detected?$CB?$AA@ 0041acd8     LIBCD:secfail.obj
 0002:00003cf8       ??_C@_0LB@BPLHHLFD@A?5security?5error?5of?5unknown?5caus@ 0041acf8     LIBCD:secfail.obj
 0002:00003dac       ??_C@_0CD@GMKACBEK@Unknown?5security?5failure?5detecte@ 0041adac     LIBCD:secfail.obj
 0002:00003ddc       ??_C@_0L@KBNGFDKM@convrtcp?4c?$AA@ 0041addc     LIBCD:convrtcp.obj
 0002:00003df4       ??_C@_09MGNHMPHC@osfinfo?4c?$AA@ 0041adf4     LIBCD:osfinfo.obj
 0002:00003e00       ??_C@_07FEAFKIIG@a_map?4c?$AA@ 0041ae00     LIBCD:a_map.obj
 0002:00003e2c       ??_C@_08BDNGOBJJ@fclose?4c?$AA@ 0041ae2c     LIBCD:fclose.obj
 0002:00003e38       ??_C@_0L@CKFHAPLH@_freebuf?4c?$AA@ 0041ae38     LIBCD:_freebuf.obj
 0002:00003eb8       ___rtc_iaa                 0041aeb8     LIBCD:initsect.obj
 0002:00003ec8       ___rtc_izz                 0041aec8     LIBCD:initsect.obj
 0002:00003ecc       ___rtc_taa                 0041aecc     LIBCD:initsect.obj
 0002:00003edc       ___rtc_tzz                 0041aedc     LIBCD:initsect.obj
 0002:00003ee0       __IMPORT_DESCRIPTOR_KERNEL32 0041aee0     kernel32:KERNEL32.dll
 0002:00003ef4       __IMPORT_DESCRIPTOR_USER32 0041aef4     user32:USER32.dll
 0002:00003f08       __IMPORT_DESCRIPTOR_GDI32  0041af08     gdi32:GDI32.dll
 0002:00003f1c       __NULL_IMPORT_DESCRIPTOR   0041af1c     kernel32:KERNEL32.dll
 0003:00000000       ___xc_a                    0041c000     LIBCD:crt0init.obj
 0003:00000010       ___xc_z                    0041c010     LIBCD:crt0init.obj
 0003:00000014       ___xi_a                    0041c014     LIBCD:crt0init.obj
 0003:00000024       ___xi_z                    0041c024     LIBCD:crt0init.obj
 0003:00000028       ___xp_a                    0041c028     LIBCD:crt0init.obj
 0003:00000030       ___xp_z                    0041c030     LIBCD:crt0init.obj
 0003:00000034       ___xt_a                    0041c034     LIBCD:crt0init.obj
 0003:00000038       ___xt_z                    0041c038     LIBCD:crt0init.obj
 0003:00000040       ?dbgInit@@3EA              0041c040     sr1.obj
 0003:00000041       ?swmInit@@3EA              0041c041     sr1.obj
 0003:00000042       ?brcInit@@3EA              0041c042     sr1.obj
 0003:00000044       ?SR1Buttons@@3PAUbutton@@A 0041c044     WinMain.obj
 0003:00000064       ?SR1ComboBoxes@@3PAUcombo@@A 0041c064     WinMain.obj
 0003:00000084       ?SR1_dbgOn@@3EA            0041c084     WinMain.obj
 0003:00000085       ?SR1_dbgOff@@3EA           0041c085     WinMain.obj
 0003:00000086       ?SR1_swmOn@@3EA            0041c086     WinMain.obj
 0003:00000087       ?SR1_swmOff@@3EA           0041c087     WinMain.obj
 0003:00000088       ?SR1_blkCr@@3EA            0041c088     WinMain.obj
 0003:0000008c       ?SR2Buttons@@3PAUbutton@@A 0041c08c     WinMain.obj
 0003:0000009c       ?SR2ComboBoxes@@3PAUcombo@@A 0041c09c     WinMain.obj
 0003:000000ac       ?SR2_dbgOn@@3EA            0041c0ac     WinMain.obj
 0003:000000ad       ?SR2_dbgOff@@3EA           0041c0ad     WinMain.obj
 0003:000000ae       ?SR2_swmOn@@3EA            0041c0ae     WinMain.obj
 0003:000000af       ?SR2_swmOff@@3EA           0041c0af     WinMain.obj
 0003:000000b0       __aexit_rtn                0041c0b0     LIBCD:wincrt0.obj
 0003:000000b4       ___app_type                0041c0b4     LIBCD:wincrt0.obj
 0003:000000c8       __crtDbgFlag               0041c0c8     LIBCD:dbgheap.obj
 0003:000000d0       __crtBreakAlloc            0041c0d0     LIBCD:dbgheap.obj
 0003:000000ec       __crtAssertBusy            0041c0ec     LIBCD:dbgrpt.obj
 0003:000000f0       __CrtDbgMode               0041c0f0     LIBCD:dbgrpt.obj
 0003:000000fc       __CrtDbgFile               0041c0fc     LIBCD:dbgrpt.obj
 0003:00000114       ?_RTC_ErrorLevels@@3PAHA   0041c114     LIBCD:error.obj
 0003:00000138       ___mb_cur_max              0041c138     LIBCD:nlsdata1.obj
 0003:0000013c       ___decimal_point           0041c13c     LIBCD:nlsdata1.obj
 0003:00000140       ___decimal_point_length    0041c140     LIBCD:nlsdata1.obj
 0003:00000144       ___nullstring              0041c144     LIBCD:output.obj
 0003:00000148       ___wnullstring             0041c148     LIBCD:output.obj
 0003:00000150       __XcptActTab               0041c150     LIBCD:winxfltr.obj
 0003:000001c8       __First_FPE_Indx           0041c1c8     LIBCD:winxfltr.obj
 0003:000001cc       __Num_FPE                  0041c1cc     LIBCD:winxfltr.obj
 0003:000001d0       __XcptActTabCount          0041c1d0     LIBCD:winxfltr.obj
 0003:000001d4       __fpecode                  0041c1d4     LIBCD:winxfltr.obj
 0003:000001d8       ___badioinfo               0041c1d8     LIBCD:ioinit.obj
 0003:000001e0       __amblksiz                 0041c1e0     LIBCD:heapinit.obj
 0003:000001e4       __NLG_Destination          0041c1e4     LIBCD:exsup.obj
 0003:00000298       __pfnAllocHook             0041c298     LIBCD:dbghook.obj
 0003:0000029c       ___security_cookie         0041c29c     LIBCD:seccook.obj
 0003:000002a4       __cfltcvt_tab              0041c2a4     LIBCD:cmiscdat.obj
 0003:000002bc       __pctype                   0041c2bc     LIBCD:ctype.obj
 0003:000002c0       __pwctype                  0041c2c0     LIBCD:ctype.obj
 0003:000002d0       ___lc_clike                0041c2d0     LIBCD:nlsdata2.obj
 0003:000002d8       __iob                      0041c2d8     LIBCD:_file.obj
 0003:000007e0       ?FONT_Print@@3KA           0041c7e0     sr1.obj
 0003:000007e4       ?mateRvrStr@@3KA           0041c7e4     sr1.obj
 0003:000007e8       ?STREAM_GetWaterZLevel@@3KA 0041c7e8     sr1.obj
 0003:000007ec       ?fireRvrStr@@3KA           0041c7ec     sr1.obj
 0003:000007f0       ?debugSoundMenu@@3KA       0041c7f0     sr1.obj
 0003:000007f4       ?debugSpecialAbilitiesMenu@@3KA 0041c7f4     sr1.obj
 0003:000007f8       ?renderSetupMenu@@3KA      0041c7f8     sr1.obj
 0003:000007fc       ?do_start_game@@3KA        0041c7fc     sr1.obj
 0003:00000800       ?yesStr@@3KA               0041c800     sr1.obj
 0003:00000804       ?draw_menu@@3KA            0041c804     sr1.obj
 0003:00000808       ?MEMPACK_Malloc@@3KA       0041c808     sr1.obj
 0003:0000080c       ?noStr@@3KA                0041c80c     sr1.obj
 0003:00000810       ?MAIN_DoMainInit@@3KA      0041c810     sr1.obj
 0003:00000814       ?MENU_SELECT_RIGHT@@3KA    0041c814     sr1.obj
 0003:00000818       ?MainG2@@3KA               0041c818     sr1.obj
 0003:0000081c       ?CityMenu@@3KA             0041c81c     sr1.obj
 0003:00000820       ?SpectralState@@3KA        0041c820     sr1.obj
 0003:00000824       ?specRvrStr@@3KA           0041c824     sr1.obj
 0003:00000828       ?RazielInit@@3KA           0041c828     sr1.obj
 0003:0000082c       ?HealthUpgradeNo@@3KA      0041c82c     sr1.obj
 0003:00000830       ?levelSelectMenu@@3KA      0041c830     sr1.obj
 0003:00000834       ?objectAccess@@3KA         0041c834     sr1.obj
 0003:00000838       ?DEBUG_ReloadCurrentLevel@@3KA 0041c838     sr1.obj
 0003:0000083c       ?PhysicsCheckSwim@@3KA     0041c83c     sr1.obj
 0003:00000840       ?cameraMenuStr@@3KA        0041c840     sr1.obj
 0003:00000844       ?vsprintf_SR1@@3KA         0041c844     sr1.obj
 0003:00000848       ?mainMenuStr@@3KA          0041c848     sr1.obj
 0003:0000084c       ?debugRazielFlags2@@3KA    0041c84c     sr1.obj
 0003:00000850       ?optsMenu@@3KA             0041c850     sr1.obj
 0003:00000854       ?razielMenu@@3KA           0041c854     sr1.obj
 0003:00000858       ?menuState@@3KA            0041c858     sr1.obj
 0003:0000085c       ?debugHealthLevel@@3KA     0041c85c     sr1.obj
 0003:00000860       ?TrailWaterFX@@3KA         0041c860     sr1.obj
 0003:00000864       ?saveMenu@@3KA             0041c864     sr1.obj
 0003:00000868       ?memmove_SR1@@3KA          0041c868     sr1.obj
 0003:0000086c       ?debugManaLevel@@3KA       0041c86c     sr1.obj
 0003:00000870       ?FX_Spiral@@3KA            0041c870     sr1.obj
 0003:00000874       ?debugForgedAbilitiesMenu@@3KA 0041c874     sr1.obj
 0003:00000878       ?cheatsMenu@@3KA           0041c878     sr1.obj
 0003:0000087c       ?InitStates@@3KA           0041c87c     sr1.obj
 0003:00000880       ?CollideReaverProjectile@@3KA 0041c880     sr1.obj
 0003:00000884       ?menudefs_pause_menu@@3KA  0041c884     sr1.obj
 0003:00000888       ?FX_MakeWaterBubble@@3KA   0041c888     sr1.obj
 0003:0000088c       ?STREAM_GetLevelWithID@@3KA 0041c88c     sr1.obj
 0003:00000890       ?GlobalSave@@3KA           0041c890     sr1.obj
 0003:00000894       ?level2SelectMenu@@3KA     0041c894     sr1.obj
 0003:00000898       ?eventMenu@@3KA            0041c898     sr1.obj
 0003:0000089c       ?handle_line_type_bit@@3KA 0041c89c     sr1.obj
 0003:000008a0       ?PCLoadSavedGame@@3KA      0041c8a0     sr1.obj
 0003:000008a4       ?curStr@@3KA               0041c8a4     sr1.obj
 0003:000008a8       ?AIMenu@@3KA               0041c8a8     sr1.obj
 0003:000008ac       ?SAVE_RestoreGame@@3KA     0041c8ac     sr1.obj
 0003:000008b0       ?FX_StartGenericBlastRing@@3KA 0041c8b0     sr1.obj
 0003:000008b4       ?debugHealthSystemMenu@@3KA 0041c8b4     sr1.obj
 0003:000008b8       ?FX_DrawGlowingLine@@3KA   0041c8b8     sr1.obj
 0003:000008bc       ?goodiesMenu@@3KA          0041c8bc     sr1.obj
 0003:000008c0       ?debugRazielFlags1@@3KA    0041c8c0     sr1.obj
 0003:000008c4       ?MonsterCaptionFlag@@3KA   0041c8c4     sr1.obj
 0003:000008c8       ?RazielAdditionalCollide@@3KA 0041c8c8     sr1.obj
 0003:000008cc       ?MON_Say@@3KA              0041c8cc     sr1.obj
 0003:000008d0       ?holdSRvrStr@@3KA          0041c8d0     sr1.obj
 0003:000008d4       ?cameraMenu@@3KA           0041c8d4     sr1.obj
 0003:000008d8       ?GAMELOOP_Process@@3KA     0041c8d8     sr1.obj
 0003:000008dc       ?PHYSOB_BirthProjectile@@3KA 0041c8dc     sr1.obj
 0003:000008e0       ?debugRazielFlags3@@3KA    0041c8e0     sr1.obj
 0003:000008e4       ?mainMenu@@3KA             0041c8e4     sr1.obj
 0003:000008e8       ?MONAPI_PossessNext@@3KA   0041c8e8     sr1.obj
 0003:000008ec       ?razielMenuStr@@3KA        0041c8ec     sr1.obj
 0003:000008f0       ?statsAndGhostCam@@3KA     0041c8f0     sr1.obj
 0003:000008f4       ?lockRaziel@@3KA           0041c8f4     sr1.obj
 0003:000008f8       ?endOfMenu@@3KA            0041c8f8     sr1.obj
 0003:000008fc       ?ManaLevel@@3KA            0041c8fc     sr1.obj
 0003:00000900       ?FX_StartGenericParticle@@3KA 0041c900     sr1.obj
 0003:00000904       ?FONT_VaReallyPrint@@3KA   0041c904     sr1.obj
 0003:00000908       ?DEBUG_Process@@3KA        0041c908     sr1.obj
 0003:0000090c       ?debugImbueSoulReaverMenu@@3KA 0041c90c     sr1.obj
 0003:00000910       ?INSTANCE_BirthObject@@3KA 0041c910     sr1.obj
 0003:00000914       ?MAIN_StartGame@@3KA       0041c914     sr1.obj
 0003:00000918       ?allocated@@3KA            0041c918     sr1.obj
 0003:0000091c       ?allocated2@@3KA           0041c91c     sr1.obj
 0003:00000920       ?initialised@@3EA          0041c920     sr1.obj
 0003:00000921       ?version@@3EA              0041c921     sr1.obj
 0003:00000924       ?SR1@@3VCProcess@@A        0041c924     sr1.obj
 0003:00000940       ?mainWin@@3PAUHWND__@@A    0041c940     WinMain.obj
 0003:00000944       ?sr2Win@@3PAUHWND__@@A     0041c944     WinMain.obj
 0003:00000948       ?sr1Cur@@3PAPAUHICON__@@A  0041c948     WinMain.obj
 0003:0000094c       ?wc@@3UtagWNDCLASSA@@A     0041c94c     WinMain.obj
 0003:00000974       ?g_hInst@@3PAUHINSTANCE__@@A 0041c974     WinMain.obj
 0003:00000978       ?keys@@3PAUkey@@A          0041c978     WinMain.obj
 0003:00000cd0       ?sr1Win@@3PAUHWND__@@A     0041ccd0     WinMain.obj
 0003:00000cd4       ?buttonFont@@3IA           0041ccd4     WinMain.obj
 0003:00000cdc       __aenvptr                  0041ccdc     LIBCD:wincrt0.obj
 0003:00000ce0       __wenvptr                  0041cce0     LIBCD:wincrt0.obj
 0003:00000ce4       ___error_mode              0041cce4     LIBCD:wincrt0.obj
 0003:00000d24       _errno                     0041cd24     LIBCD:crt0dat.obj
 0003:00000d28       __doserrno                 0041cd28     LIBCD:crt0dat.obj
 0003:00000d2c       __umaskval                 0041cd2c     LIBCD:crt0dat.obj
 0003:00000d30       __osplatform               0041cd30     LIBCD:crt0dat.obj
 0003:00000d34       __osver                    0041cd34     LIBCD:crt0dat.obj
 0003:00000d38       __winver                   0041cd38     LIBCD:crt0dat.obj
 0003:00000d3c       __winmajor                 0041cd3c     LIBCD:crt0dat.obj
 0003:00000d40       __winminor                 0041cd40     LIBCD:crt0dat.obj
 0003:00000d44       ___argc                    0041cd44     LIBCD:crt0dat.obj
 0003:00000d48       ___argv                    0041cd48     LIBCD:crt0dat.obj
 0003:00000d4c       ___wargv                   0041cd4c     LIBCD:crt0dat.obj
 0003:00000d50       __environ                  0041cd50     LIBCD:crt0dat.obj
 0003:00000d54       ___initenv                 0041cd54     LIBCD:crt0dat.obj
 0003:00000d58       __wenviron                 0041cd58     LIBCD:crt0dat.obj
 0003:00000d5c       ___winitenv                0041cd5c     LIBCD:crt0dat.obj
 0003:00000d60       __pgmptr                   0041cd60     LIBCD:crt0dat.obj
 0003:00000d64       __wpgmptr                  0041cd64     LIBCD:crt0dat.obj
 0003:00000d68       __exitflag                 0041cd68     LIBCD:crt0dat.obj
 0003:00000d6c       __C_Termination_Done       0041cd6c     LIBCD:crt0dat.obj
 0003:00000d70       __C_Exit_Done              0041cd70     LIBCD:crt0dat.obj
 0003:00000d78       __pxcptinfoptrs            0041cd78     LIBCD:winxfltr.obj
 0003:00000e8c       __adbgmsg                  0041ce8c     LIBCD:crt0msg.obj
 0003:00000e90       __newmode                  0041ce90     LIBCD:_newmode.obj
 0003:00000e94       ?_pnhHeap@@3P6AHI@ZA       0041ce94     LIBCD:handler.obj
 0003:00000f14       ___lc_handle               0041cf14     LIBCD:nlsdata2.obj
 0003:00000f2c       ___lc_codepage             0041cf2c     LIBCD:nlsdata2.obj
 0003:00000f30       ___lc_collate_cp           0041cf30     LIBCD:nlsdata2.obj
 0003:00000f34       __cflush                   0041cf34     LIBCD:_file.obj
 0003:00000f94       ___mblcid                  0041cf94     <common>
 0003:00000f98       ___ismbcodepage            0041cf98     <common>
 0003:00000fa0       __mbctype                  0041cfa0     <common>
 0003:000010a4       ___mbcodepage              0041d0a4     <common>
 0003:000010b0       ___mbulinfo                0041d0b0     <common>
 0003:000010c0       __mbcasemap                0041d0c0     <common>
 0003:000011c0       ___piob                    0041d1c0     <common>
 0003:000011e0       __bufin                    0041d1e0     <common>
 0003:000021e0       __nstream                  0041e1e0     <common>
 0003:000021e4       ___sbh_initialized         0041e1e4     <common>
 0003:000021e8       ___sbh_pHeaderDefer        0041e1e8     <common>
 0003:000021ec       ___sbh_cntHeaderList       0041e1ec     <common>
 0003:000021f0       ___sbh_pHeaderList         0041e1f0     <common>
 0003:000021f4       ___sbh_threshold           0041e1f4     <common>
 0003:000021f8       ___sbh_pHeaderScan         0041e1f8     <common>
 0003:000021fc       ___sbh_sizeHeaderList      0041e1fc     <common>
 0003:00002200       ___sbh_indGroupDefer       0041e200     <common>
 0003:00002204       __crtheap                  0041e204     <common>
 0003:00002208       ___active_heap             0041e208     <common>
 0003:0000220c       __nhandle                  0041e20c     <common>
 0003:00002220       ___pioinfo                 0041e220     <common>
 0003:00002320       ___env_initialized         0041e320     <common>
 0003:00002324       ___onexitend               0041e324     <common>
 0003:00002328       ___onexitbegin             0041e328     <common>
 0003:0000232c       ___mbctype_initialized     0041e32c     <common>
 0003:00002330       __FPinit                   0041e330     <common>
 0003:00002334       __pfnReportHook            0041e334     <common>
 0003:00002338       __pReportHookList          0041e338     <common>
 0003:0000233c       __pfnDumpClient            0041e33c     <common>
 0003:00002340       __acmdln                   0041e340     <common>

 entry point at        0001:000066e0

 Static symbols

 0001:00006920       _fast_error_exit           00407920 f   LIBCD:wincrt0.obj
 0001:00006950       _check_managed_app         00407950 f   LIBCD:wincrt0.obj
 0001:00006ff0       _realloc_help              00407ff0 f   LIBCD:dbgheap.obj
 0001:00007b90       _CheckBytes                00408b90 f   LIBCD:dbgheap.obj
 0001:000086d0       __printMemBlockData        004096d0 f   LIBCD:dbgheap.obj
 0001:00009530       _CrtMessageWindow          0040a530 f   LIBCD:dbgrpt.obj
 0001:00009890       ?failwithmessage@@YAXPAXHHPBD@Z 0040a890 f   LIBCD:error.obj
 0001:00009980       ?DebuggerProbe@@YAHK@Z     0040a980 f   LIBCD:error.obj
 0001:00009a00       ?DebuggerRuntime@@YAHKHPAXPB_W@Z 0040aa00 f   LIBCD:error.obj
 0001:00009c90       ?IntToString@@YAPADH@Z     0040ac90 f   LIBCD:error.obj
 0001:00009e80       ?_IsDebuggerPresent@@YAHXZ 0040ae80 f   LIBCD:error.obj
 0001:00009eb0       ?Initialize@@YAHXZ         0040aeb0 f   LIBCD:error.obj
 0001:00009f30       ?Win95IsDebuggerPresent@@YGHXZ 0040af30 f   LIBCD:error.obj
 0001:00009f40       ?WinGetDebugContext@@YAPAXXZ 0040af40 f   LIBCD:error.obj
 0001:00009f50       ?GetCurrentTib@@YAPAU_TIB@@XZ 0040af50 f   LIBCD:error.obj
 0001:0000b4b0       __hextodec                 0040c4b0 f   LIBCD:input.obj
 0001:0000b510       __inc                      0040c510 f   LIBCD:input.obj
 0001:0000b570       __un_inc                   0040c570 f   LIBCD:input.obj
 0001:0000b590       __whiteout                 0040c590 f   LIBCD:input.obj
 0001:0000c700       _write_char                0040d700 f   LIBCD:output.obj
 0001:0000c7a0       _write_multi_char          0040d7a0 f   LIBCD:output.obj
 0001:0000c7e0       _write_string              0040d7e0 f   LIBCD:output.obj
 0001:0000c850       _get_int_arg               0040d850 f   LIBCD:output.obj
 0001:0000c870       _get_int64_arg             0040d870 f   LIBCD:output.obj
 0001:0000c890       _get_short_arg             0040d890 f   LIBCD:output.obj
 0001:0000c990       _doexit                    0040d990 f   LIBCD:crt0dat.obj
 0001:0000cac0       __initterm                 0040dac0 f   LIBCD:crt0dat.obj
 0001:0000caf0       __initterm_e               0040daf0 f   LIBCD:crt0dat.obj
 0001:0000cd10       _xcptlookup                0040dd10 f   LIBCD:winxfltr.obj
 0001:0000d0b0       _parse_cmdline             0040e0b0 f   LIBCD:stdargv.obj
 0001:0000dc0c       $$$00001                   0040ec0c f   LIBCD:exsup.obj
 0001:0000dc2c       $$$00003                   0040ec2c f   LIBCD:exsup.obj
 0001:0000dc2c       __unwind_handler           0040ec2c f   LIBCD:exsup.obj
 0001:0000dc4e       $$$00005                   0040ec4e f   LIBCD:exsup.obj
 0001:0000dcb6       $$$00007                   0040ecb6 f   LIBCD:exsup.obj
 0001:0000dcfa       $$$00011                   0040ecfa f   LIBCD:exsup.obj
 0001:0000de05       $$$00003                   0040ee05 f   LIBCD:exsup3.obj
 0001:00010240       _report_failure            00411240 f   LIBCD:secchk.obj
 0001:00010640       _xtoa                      00411640 f   LIBCD:xtoa.obj
 0001:000107c0       _x64toa@20                 004117c0 f   LIBCD:xtoa.obj
 0001:00010c40       _ctrlevent_capture@4       00411c40 f   LIBCD:winsig.obj
 0001:00010e60       _siglookup                 00411e60 f   LIBCD:winsig.obj
 0001:00011500       ?GetImageInfo@@YAPAUImageInfo@@K@Z 00412500 f   LIBCD:pdblkup.obj
 0001:000118c0       ?GetPdbDll@@YAPAUHINSTANCE__@@XZ 004128c0 f   LIBCD:pdblkup.obj
 0001:00012c00       _x_ismbbtype               00413c00 f   LIBCD:ismbbyte.obj
 0001:00012f70       _getSystemCP               00413f70 f   LIBCD:mbctype.obj
 0001:00012fd0       _CPtoLCID                  00413fd0 f   LIBCD:mbctype.obj
 0001:00013050       _setSBCS                   00414050 f   LIBCD:mbctype.obj
 0001:000130d0       _setSBUpLow                004140d0 f   LIBCD:mbctype.obj
 0001:00014d80       _flsall                    00415d80 f   LIBCD:fflush.obj
 0001:000153d0       _strncnt                   004163d0 f   LIBCD:a_map.obj
 0001:00015bb0       _$E1                       00416bb0 f   sr1.obj
 0001:00015c00       _$E1                       00416c00 f   WinMain.obj
 0001:00015c40       _$E2                       00416c40 f   sr1.obj
