 SR1_Trainer_v2

 Timestamp is 43b5d1a3 (Sat Dec 31 00:32:35 2005)

 Preferred load address is 00400000

 Start         Length     Name                   Class
 0001:00000000 0000abe3H .text                   CODE
 0001:0000abf0 0000003fH .text$yc                CODE
 0001:0000ac30 0000000fH .text$yd                CODE
 0002:00000000 0000016cH .idata$5                DATA
 0002:00000170 000029c8H .rdata                  DATA
 0002:00002b40 00000008H .rdata$sxdata           DATA
 0002:00002b48 00000004H .rtc$IAA                DATA
 0002:00002b4c 00000004H .rtc$IZZ                DATA
 0002:00002b50 00000004H .rtc$TAA                DATA
 0002:00002b54 00000004H .rtc$TZZ                DATA
 0002:00002b58 0000003cH .idata$2                DATA
 0002:00002b94 00000014H .idata$3                DATA
 0002:00002ba8 0000016cH .idata$4                DATA
 0002:00002d14 00000624H .idata$6                DATA
 0002:00003338 00000000H .edata                  DATA
 0003:00000000 00000004H .CRT$XCA                DATA
 0003:00000004 00000004H .CRT$XCAA               DATA
 0003:00000008 00000008H .CRT$XCU                DATA
 0003:00000010 00000004H .CRT$XCZ                DATA
 0003:00000014 00000004H .CRT$XIA                DATA
 0003:00000018 0000000cH .CRT$XIC                DATA
 0003:00000024 00000004H .CRT$XIZ                DATA
 0003:00000028 00000004H .CRT$XPA                DATA
 0003:0000002c 00000004H .CRT$XPX                DATA
 0003:00000030 00000004H .CRT$XPZ                DATA
 0003:00000034 00000004H .CRT$XTA                DATA
 0003:00000038 00000004H .CRT$XTZ                DATA
 0003:00000040 000006f8H .data                   DATA
 0003:00000740 00001ab8H .bss                    DATA
 0004:00000000 00000220H .rsrc$01                DATA
 0004:00000220 00001c98H .rsrc$02                DATA

  Address         Publics by Value              Rva+Base     Lib:Object

 0000:00000000       __except_list              00000000     <absolute>
 0000:00000002       ___safe_se_handler_count   00000002     <absolute>
 0001:00000000       ??0CProcess@@QAE@XZ        00401000 f   process.obj
 0001:00000040       ??0CProcess@@QAE@PAD@Z     00401040 f   process.obj
 0001:00000080       ??1CProcess@@UAE@XZ        00401080 f   process.obj
 0001:000000b0       ?WasUpdated@CProcess@@QAEHXZ 004010b0 f   process.obj
 0001:000000e0       ?Reset@CProcess@@QAEHXZ    004010e0 f   process.obj
 0001:00000110       ?OpenProcess@CProcess@@AAEPAXPAD0@Z 00401110 f   process.obj
 0001:00000190       ?FindProcess@CProcess@@QAEHXZ 00401190 f   process.obj
 0001:000001e0       ?FindProcess@CProcess@@QAEHPAD@Z 004011e0 f   process.obj
 0001:00000200       ?WriteXString@CProcess@@QAEPAEKPAD@Z 00401200 f   process.obj
 0001:000002f0       ?WriteString@CProcess@@QAEKKPAD@Z 004012f0 f   process.obj
 0001:00000340       ?Alloc@CProcess@@QAEKH@Z   00401340 f   process.obj
 0001:00000370       ?Free@CProcess@@QAEKK@Z    00401370 f   process.obj
 0001:000003a0       ?CmpString@CProcess@@QAEPADKPAD@Z 004013a0 f   process.obj
 0001:00000410       ?AddrDiff@CProcess@@QAEKKK@Z 00401410 f   process.obj
 0001:00000430       ?WriteDiff@CProcess@@QAEHKK@Z 00401430 f   process.obj
 0001:00000470       ?IsRunning@CProcess@@QAEHXZ 00401470 f   process.obj
 0001:00000490       ?IsKeyPressed@CProcess@@QAEHH@Z 00401490 f   process.obj
 0001:000004c0       ?IsSpyRunning@CProcess@@QAEHPAD@Z 004014c0 f   process.obj
 0001:00000500       ??_ECProcess@@UAEPAXI@Z    00401500 f i process.obj
 0001:00000500       ??_GCProcess@@UAEPAXI@Z    00401500 f i process.obj
 0001:00000530       ??$Write@D@CProcess@@QAEHKPADK@Z 00401530 f i process.obj
 0001:00000530       ??$Write@E@CProcess@@QAEHKPAEK@Z 00401530 f i process.obj
 0001:00000580       ??$Read@D@CProcess@@QAEPADPADK@Z 00401580 f i process.obj
 0001:00000580       ??$Read@E@CProcess@@QAEPAEPAEK@Z 00401580 f i process.obj
 0001:000005e0       ??$Write@I@CProcess@@QAEHKI@Z 004015e0 f i process.obj
 0001:000005e0       ??$Write@K@CProcess@@QAEHKK@Z 004015e0 f i process.obj
 0001:000005e0       ??$Write@H@CProcess@@QAEHKH@Z 004015e0 f i process.obj
 0001:00000620       ??$Write@E@CProcess@@QAEHKE@Z 00401620 f i process.obj
 0001:00000660       ??$Write@G@CProcess@@QAEHKG@Z 00401660 f i process.obj
 0001:000006a0       ??$Write@K@CProcess@@QAEHKPAKK@Z 004016a0 f i process.obj
 0001:000006f0       ??$Read@E@CProcess@@QAEEPAE@Z 004016f0 f i process.obj
 0001:00000740       ??$Read@K@CProcess@@QAEKPAK@Z 00401740 f i process.obj
 0001:00000790       ?findMe@@YAXXZ             00401790 f   sr1.obj
 0001:000007f0       ?setup@@YAXXZ              004017f0 f   sr1.obj
 0001:00000f10       ?cleanUp@@YAXXZ            00401f10 f   sr1.obj
 0001:00000f60       ?particles@@YAKKPAK@Z      00401f60 f   sr1.obj
 0001:00001050       ?forceFX@@YAKKKZZ          00402050 f   sr1.obj
 0001:000010d0       ?blastFX@@YAKKKZZ          004020d0 f   sr1.obj
 0001:00001170       ?projectiles@@YAXK@Z       00402170 f   sr1.obj
 0001:00001b40       ?betaSpiral@@YAKK@Z        00402b40 f   sr1.obj
 0001:00001c00       ?infoFix@@YAKK@Z           00402c00 f   sr1.obj
 0001:00002440       ?monsterDeath@@YAKK@Z      00403440 f   sr1.obj
 0001:00002a90       ?possession@@YA?AUmenuItem@@K@Z 00403a90 f   sr1.obj
 0001:00002d70       ?debugOn@@YAXXZ            00403d70 f   sr1.obj
 0001:00003a30       ?debugOff@@YAXXZ           00404a30 f   sr1.obj
 0001:00003a90       ?swimOn@@YAXXZ             00404a90 f   sr1.obj
 0001:00003bb0       ?swimOff@@YAXXZ            00404bb0 f   sr1.obj
 0001:00003c30       ?blackCore@@YAXXZ          00404c30 f   sr1.obj
 0001:00003d50       ?WriteMem@@YAXPAUHWND__@@@Z 00404d50 f   WinMain.obj
 0001:00003de0       _WinMain@16                00404de0 f   WinMain.obj
 0001:00003f50       ?mainWindowProc@@YGJPAUHWND__@@IIJ@Z 00404f50 f   WinMain.obj
 0001:000041a0       ?onMenu@@YAXI@Z            004051a0 f   WinMain.obj
 0001:00004220       ?subWindowProc@@YGJPAUHWND__@@IIJ@Z 00405220 f   WinMain.obj
 0001:000043e0       ?subWindow2Proc@@YGJPAUHWND__@@IIJ@Z 004053e0 f   WinMain.obj
 0001:00004450       ?ButtonFont@@YAIXZ         00405450 f   WinMain.obj
 0001:000044d0       ?keyStrings@@YAXXZ         004054d0 f   WinMain.obj
 0001:000046e0       ?hkComboCol@@YAXUcombo@@PAUHWND__@@@Z 004056e0 f   WinMain.obj
 0001:00004760       ?buttonCol@@YAXPAUbutton@@PAUHWND__@@HHHHH@Z 00405760 f   WinMain.obj
 0001:00004820       ?comboCol@@YAXPAUcombo@@PAUHWND__@@HHHHH@Z 00405820 f   WinMain.obj
 0001:000048e6       ??3@YAXPAX@Z               004058e6 f   LIBC:delete.obj
 0001:000048eb       _sscanf                    004058eb f   LIBC:sscanf.obj
 0001:0000491f       _isxdigit                  0040591f f   LIBC:_ctype.obj
 0001:0000494d       _isspace                   0040594d f   LIBC:_ctype.obj
 0001:00004976       ??2@YAPAXI@Z               00405976 f   LIBC:new.obj
 0001:00004990       _strlen                    00405990 f   LIBC:strlen.obj
 0001:00004a20       _strncmp                   00405a20 f   LIBC:strncmp.obj
 0001:00004a59       _sprintf                   00405a59 f   LIBC:sprintf.obj
 0001:00004ac0       _memset                    00405ac0 f   LIBC:memset.obj
 0001:00004b20       __onexit                   00405b20 f   LIBC:onexit.obj
 0001:00004ba2       _atexit                    00405ba2 f   LIBC:onexit.obj
 0001:00004bb4       ___onexitinit              00405bb4 f   LIBC:onexit.obj
 0001:00004be0       _strcpy                    00405be0 f   LIBC:strcat.obj
 0001:00004bf0       _strcat                    00405bf0 f   LIBC:strcat.obj
 0001:00004cd8       __amsg_exit                00405cd8 f   LIBC:wincrt0.obj
 0001:00004cfd       _WinMainCRTStartup         00405cfd f   LIBC:wincrt0.obj
 0001:00004ed9       _free                      00405ed9 f   LIBC:free.obj
 0001:00004f59       __input                    00405f59 f   LIBC:input.obj
 0001:00005dc0       __isctype                  00406dc0 f   LIBC:isctype.obj
 0001:00005e3e       __heap_alloc               00406e3e f   LIBC:malloc.obj
 0001:00005e84       __nh_malloc                00406e84 f   LIBC:malloc.obj
 0001:00005eb0       _malloc                    00406eb0 f   LIBC:malloc.obj
 0001:00005ec2       __flsbuf                   00406ec2 f   LIBC:_flsbuf.obj
 0001:00006066       __output                   00407066 f   LIBC:output.obj
 0001:00006860       _realloc                   00407860 f   LIBC:realloc.obj
 0001:000069c2       ___crtExitProcess          004079c2 f   LIBC:crt0dat.obj
 0001:000069f2       __cinit                    004079f2 f   LIBC:crt0dat.obj
 0001:00006b1d       _exit                      00407b1d f   LIBC:crt0dat.obj
 0001:00006b2e       __exit                     00407b2e f   LIBC:crt0dat.obj
 0001:00006b3f       __cexit                    00407b3f f   LIBC:crt0dat.obj
 0001:00006b4e       __c_exit                   00407b4e f   LIBC:crt0dat.obj
 0001:00006b5d       __msize                    00407b5d f   LIBC:msize.obj
 0001:00006b95       __NMSG_WRITE               00407b95 f   LIBC:crt0msg.obj
 0001:00006d0c       __FF_MSGBANNER             00407d0c f   LIBC:crt0msg.obj
 0001:00006d45       __XcptFilter               00407d45 f   LIBC:winxfltr.obj
 0001:00006eb6       __wincmdln                 00407eb6 f   LIBC:wincmdln.obj
 0001:00006f13       __setenvp                  00407f13 f   LIBC:stdenvp.obj
 0001:00007146       __setargv                  00408146 f   LIBC:stdargv.obj
 0001:000071e8       ___crtGetEnvironmentStringsA 004081e8 f   LIBC:a_env.obj
 0001:0000730a       __ioinit                   0040830a f   LIBC:ioinit.obj
 0001:000074b5       __RTC_Initialize           004084b5 f   LIBC:initsect.obj
 0001:000074f9       __RTC_Terminate            004084f9 f   LIBC:initsect.obj
 0001:0000753d       ___heap_select             0040853d f   LIBC:heapinit.obj
 0001:00007557       __heap_init                00408557 f   LIBC:heapinit.obj
 0001:000075a8       __SEH_prolog               004085a8 f   LIBC:sehprolg.obj
 0001:000075e3       __SEH_epilog               004085e3 f   LIBC:sehprolg.obj
 0001:000075fc       __except_handler3          004085fc f   LIBC:exsup3.obj
 0001:000076e2       __seh_longjmp_unwind@4     004086e2 f   LIBC:exsup3.obj
 0001:00007700       __alloca_probe             00408700     LIBC:chkstk.obj
 0001:00007700       __chkstk                   00408700 f   LIBC:chkstk.obj
 0001:0000773d       ___sbh_heap_init           0040873d f   LIBC:sbheap.obj
 0001:00007785       ___sbh_find_block          00408785 f   LIBC:sbheap.obj
 0001:000077b0       ___sbh_free_block          004087b0 f   LIBC:sbheap.obj
 0001:00007ac8       ___sbh_alloc_new_region    00408ac8 f   LIBC:sbheap.obj
 0001:00007b7f       ___sbh_alloc_new_group     00408b7f f   LIBC:sbheap.obj
 0001:00007c85       ___sbh_resize_block        00408c85 f   LIBC:sbheap.obj
 0001:00007f64       ___sbh_alloc_block         00408f64 f   LIBC:sbheap.obj
 0001:00008260       __filbuf                   00409260 f   LIBC:_filbuf.obj
 0001:0000833e       _ungetc                    0040933e f   LIBC:ungetc.obj
 0001:000083aa       _mbtowc                    004093aa f   LIBC:mbtowc.obj
 0001:00008472       __resetstkoflw             00409472 f   LIBC:resetstk.obj
 0001:00008586       @__security_check_cookie@4 00409586 f   LIBC:secchk.obj
 0001:000085a0       __allmul                   004095a0 f   LIBC:llmul.obj
 0001:000085d4       ___crtGetStringTypeA       004095d4 f   LIBC:a_str.obj
 0001:0000878e       __callnewh                 0040978e f   LIBC:handler.obj
 0001:000087a9       __lseek                    004097a9 f   LIBC:lseek.obj
 0001:00008835       __write                    00409835 f   LIBC:write.obj
 0001:00008a25       __getbuf                   00409a25 f   LIBC:_getbuf.obj
 0001:00008a69       __isatty                   00409a69 f   LIBC:isatty.obj
 0001:00008a90       ___initstdio               00409a90 f   LIBC:_file.obj
 0001:00008b36       ___endstdio                00409b36 f   LIBC:_file.obj
 0001:00008b4a       _wctomb                    00409b4a f   LIBC:wctomb.obj
 0001:00008bb0       __aulldvrm                 00409bb0 f   LIBC:ulldvrm.obj
 0001:00008c50       _memcpy                    00409c50 f   LIBC:memcpy.obj
 0001:00008f8d       ___crtMessageBoxA          00409f8d f   LIBC:crtmbox.obj
 0001:00009090       _strncpy                   0040a090 f   LIBC:strncpy.obj
 0001:000091e7       __ismbblead                0040a1e7 f   LIBC:ismbbyte.obj
 0001:000093dc       __setmbcp                  0040a3dc f   LIBC:mbctype.obj
 0001:000095c2       ___initmbctable            0040a5c2 f   LIBC:mbctype.obj
 0001:000095e0       __global_unwind2           0040a5e0 f   LIBC:exsup.obj
 0001:00009622       __local_unwind2            0040a622 f   LIBC:exsup.obj
 0001:0000967a       __NLG_Return2              0040a67a     LIBC:exsup.obj
 0001:0000968a       __abnormal_termination     0040a68a f   LIBC:exsup.obj
 0001:000096ad       __NLG_Notify1              0040a6ad f   LIBC:exsup.obj
 0001:000096b6       __NLG_Notify               0040a6b6 f   LIBC:exsup.obj
 0001:000096c9       __NLG_Dispatch             0040a6c9     LIBC:exsup.obj
 0001:000096ce       __ValidateEH3RN            0040a6ce f   LIBC:eh3valid.obj
 0001:00009900       _memmove                   0040a900 f   LIBC:memmove.obj
 0001:00009c3d       __read                     0040ac3d f   LIBC:read.obj
 0001:00009e2b       __fptrap                   0040ae2b f   LIBC:crt0fp.obj
 0001:00009e34       ___security_init_cookie    0040ae34 f   LIBC:seccinit.obj
 0001:00009e9a       ___security_error_handler  0040ae9a f   LIBC:secfail.obj
 0001:00009fe2       ___ansicp                  0040afe2 f   LIBC:convrtcp.obj
 0001:0000a025       ___convertcp               0040b025 f   LIBC:convrtcp.obj
 0001:0000a1ee       _calloc                    0040b1ee f   LIBC:calloc.obj
 0001:0000a269       __dosmaperr                0040b269 f   LIBC:dosmap.obj
 0001:0000a2c8       __free_osfhnd              0040b2c8 f   LIBC:osfinfo.obj
 0001:0000a342       __get_osfhandle            0040b342 f   LIBC:osfinfo.obj
 0001:0000a37e       __lseeki64                 0040b37e f   LIBC:lseeki64.obj
 0001:0000a41d       __fcloseall                0040b41d f   LIBC:closeall.obj
 0001:0000a475       __flush                    0040b475 f   LIBC:fflush.obj
 0001:0000a4d2       _fflush                    0040b4d2 f   LIBC:fflush.obj
 0001:0000a57a       __flushall                 0040b57a f   LIBC:fflush.obj
 0001:0000a583       ___crtLCMapStringA         0040b583 f   LIBC:a_map.obj
 0001:0000a93f       _atol                      0040b93f f   LIBC:atox.obj
 0001:0000a997       _fclose                    0040b997 f   LIBC:fclose.obj
 0001:0000a9ed       __commit                   0040b9ed f   LIBC:commit.obj
 0001:0000aa44       __ismbcspace               0040ba44 f   LIBC:ismbspc.obj
 0001:0000aad4       __close                    0040bad4 f   LIBC:close.obj
 0001:0000ab87       __freebuf                  0040bb87 f   LIBC:_freebuf.obj
 0001:0000abb2       _RtlUnwind@16              0040bbb2 f   kernel32:KERNEL32.dll
 0001:0000abb8       __swab                     0040bbb8 f   LIBC:swab.obj
 0001:0000abb8       _swab                      0040bbb8 f   LIBC:swab.obj
 0002:00000000       __imp__CreateFontIndirectA@4 0040c000     gdi32:GDI32.dll
 0002:00000004       __imp__CreatePatternBrush@4 0040c004     gdi32:GDI32.dll
 0002:00000008       __imp__GetObjectA@12       0040c008     gdi32:GDI32.dll
 0002:0000000c       \177GDI32_NULL_THUNK_DATA  0040c00c     gdi32:GDI32.dll
 0002:00000010       __imp__WriteProcessMemory@20 0040c010     kernel32:KERNEL32.dll
 0002:00000014       __imp__ReadProcessMemory@20 0040c014     kernel32:KERNEL32.dll
 0002:00000018       __imp__LCMapStringW@24     0040c018     kernel32:KERNEL32.dll
 0002:0000001c       __imp__LCMapStringA@24     0040c01c     kernel32:KERNEL32.dll
 0002:00000020       __imp__SetStdHandle@8      0040c020     kernel32:KERNEL32.dll
 0002:00000024       __imp__GetLocaleInfoA@16   0040c024     kernel32:KERNEL32.dll
 0002:00000028       __imp__GetSystemTimeAsFileTime@4 0040c028     kernel32:KERNEL32.dll
 0002:0000002c       __imp__GetCurrentProcessId@0 0040c02c     kernel32:KERNEL32.dll
 0002:00000030       __imp__GetCurrentThreadId@0 0040c030     kernel32:KERNEL32.dll
 0002:00000034       __imp__GetTickCount@0      0040c034     kernel32:KERNEL32.dll
 0002:00000038       __imp__QueryPerformanceCounter@4 0040c038     kernel32:KERNEL32.dll
 0002:0000003c       __imp__ReadFile@20         0040c03c     kernel32:KERNEL32.dll
 0002:00000040       __imp__InterlockedExchange@8 0040c040     kernel32:KERNEL32.dll
 0002:00000044       __imp__RtlUnwind@16        0040c044     kernel32:KERNEL32.dll
 0002:00000048       __imp__VirtualFreeEx@16    0040c048     kernel32:KERNEL32.dll
 0002:0000004c       __imp__GetOEMCP@0          0040c04c     kernel32:KERNEL32.dll
 0002:00000050       __imp__GetACP@0            0040c050     kernel32:KERNEL32.dll
 0002:00000054       __imp__LoadLibraryA@4      0040c054     kernel32:KERNEL32.dll
 0002:00000058       __imp__SetFilePointer@16   0040c058     kernel32:KERNEL32.dll
 0002:0000005c       __imp__GetStringTypeW@16   0040c05c     kernel32:KERNEL32.dll
 0002:00000060       __imp__GetStringTypeA@20   0040c060     kernel32:KERNEL32.dll
 0002:00000064       __imp__VirtualQuery@12     0040c064     kernel32:KERNEL32.dll
 0002:00000068       __imp__GetSystemInfo@4     0040c068     kernel32:KERNEL32.dll
 0002:0000006c       __imp__VirtualProtect@16   0040c06c     kernel32:KERNEL32.dll
 0002:00000070       __imp__MultiByteToWideChar@24 0040c070     kernel32:KERNEL32.dll
 0002:00000074       __imp__VirtualAlloc@16     0040c074     kernel32:KERNEL32.dll
 0002:00000078       __imp__VirtualFree@12      0040c078     kernel32:KERNEL32.dll
 0002:0000007c       __imp__HeapCreate@12       0040c07c     kernel32:KERNEL32.dll
 0002:00000080       __imp__HeapDestroy@4       0040c080     kernel32:KERNEL32.dll
 0002:00000084       __imp__VirtualAllocEx@20   0040c084     kernel32:KERNEL32.dll
 0002:00000088       __imp__OpenProcess@12      0040c088     kernel32:KERNEL32.dll
 0002:0000008c       __imp__GetCPInfo@8         0040c08c     kernel32:KERNEL32.dll
 0002:00000090       __imp__CloseHandle@4       0040c090     kernel32:KERNEL32.dll
 0002:00000094       __imp__GetModuleHandleA@4  0040c094     kernel32:KERNEL32.dll
 0002:00000098       __imp__GetStartupInfoA@4   0040c098     kernel32:KERNEL32.dll
 0002:0000009c       __imp__GetCommandLineA@0   0040c09c     kernel32:KERNEL32.dll
 0002:000000a0       __imp__GetVersionExA@4     0040c0a0     kernel32:KERNEL32.dll
 0002:000000a4       __imp__HeapFree@12         0040c0a4     kernel32:KERNEL32.dll
 0002:000000a8       __imp__HeapAlloc@12        0040c0a8     kernel32:KERNEL32.dll
 0002:000000ac       __imp__HeapReAlloc@16      0040c0ac     kernel32:KERNEL32.dll
 0002:000000b0       __imp__ExitProcess@4       0040c0b0     kernel32:KERNEL32.dll
 0002:000000b4       __imp__GetProcAddress@8    0040c0b4     kernel32:KERNEL32.dll
 0002:000000b8       __imp__TerminateProcess@8  0040c0b8     kernel32:KERNEL32.dll
 0002:000000bc       __imp__GetCurrentProcess@0 0040c0bc     kernel32:KERNEL32.dll
 0002:000000c0       __imp__HeapSize@12         0040c0c0     kernel32:KERNEL32.dll
 0002:000000c4       __imp__WriteFile@20        0040c0c4     kernel32:KERNEL32.dll
 0002:000000c8       __imp__GetStdHandle@4      0040c0c8     kernel32:KERNEL32.dll
 0002:000000cc       __imp__GetModuleFileNameA@12 0040c0cc     kernel32:KERNEL32.dll
 0002:000000d0       __imp__UnhandledExceptionFilter@4 0040c0d0     kernel32:KERNEL32.dll
 0002:000000d4       __imp__FreeEnvironmentStringsA@4 0040c0d4     kernel32:KERNEL32.dll
 0002:000000d8       __imp__GetEnvironmentStrings@0 0040c0d8     kernel32:KERNEL32.dll
 0002:000000dc       __imp__FreeEnvironmentStringsW@4 0040c0dc     kernel32:KERNEL32.dll
 0002:000000e0       __imp__WideCharToMultiByte@32 0040c0e0     kernel32:KERNEL32.dll
 0002:000000e4       __imp__GetLastError@0      0040c0e4     kernel32:KERNEL32.dll
 0002:000000e8       __imp__GetEnvironmentStringsW@0 0040c0e8     kernel32:KERNEL32.dll
 0002:000000ec       __imp__SetHandleCount@4    0040c0ec     kernel32:KERNEL32.dll
 0002:000000f0       __imp__GetFileType@4       0040c0f0     kernel32:KERNEL32.dll
 0002:000000f4       __imp__FlushFileBuffers@4  0040c0f4     kernel32:KERNEL32.dll
 0002:000000f8       \177KERNEL32_NULL_THUNK_DATA 0040c0f8     kernel32:KERNEL32.dll
 0002:000000fc       __imp__SendDlgItemMessageA@20 0040c0fc     user32:USER32.dll
 0002:00000100       __imp__SetClassLongA@12    0040c100     user32:USER32.dll
 0002:00000104       __imp__GetKeyboardLayout@4 0040c104     user32:USER32.dll
 0002:00000108       __imp__MapVirtualKeyExA@12 0040c108     user32:USER32.dll
 0002:0000010c       __imp__GetKeyNameTextA@12  0040c10c     user32:USER32.dll
 0002:00000110       __imp__GetDlgItem@8        0040c110     user32:USER32.dll
 0002:00000114       __imp__SendMessageA@16     0040c114     user32:USER32.dll
 0002:00000118       __imp__KillTimer@8         0040c118     user32:USER32.dll
 0002:0000011c       __imp__PostQuitMessage@4   0040c11c     user32:USER32.dll
 0002:00000120       __imp__SetTimer@16         0040c120     user32:USER32.dll
 0002:00000124       __imp__GetClientRect@8     0040c124     user32:USER32.dll
 0002:00000128       __imp__MoveWindow@24       0040c128     user32:USER32.dll
 0002:0000012c       __imp__DefWindowProcA@16   0040c12c     user32:USER32.dll
 0002:00000130       __imp__LoadBitmapA@8       0040c130     user32:USER32.dll
 0002:00000134       __imp__LoadIconA@8         0040c134     user32:USER32.dll
 0002:00000138       __imp__LoadCursorA@8       0040c138     user32:USER32.dll
 0002:0000013c       __imp__RegisterClassA@4    0040c13c     user32:USER32.dll
 0002:00000140       __imp__CreateWindowExA@48  0040c140     user32:USER32.dll
 0002:00000144       __imp__ShowWindow@8        0040c144     user32:USER32.dll
 0002:00000148       __imp__UpdateWindow@4      0040c148     user32:USER32.dll
 0002:0000014c       __imp__GetMessageA@16      0040c14c     user32:USER32.dll
 0002:00000150       __imp__TranslateMessage@4  0040c150     user32:USER32.dll
 0002:00000154       __imp__DispatchMessageA@4  0040c154     user32:USER32.dll
 0002:00000158       __imp__MessageBoxA@16      0040c158     user32:USER32.dll
 0002:0000015c       __imp__GetAsyncKeyState@4  0040c15c     user32:USER32.dll
 0002:00000160       __imp__FindWindowA@8       0040c160     user32:USER32.dll
 0002:00000164       __imp__GetWindowThreadProcessId@8 0040c164     user32:USER32.dll
 0002:00000168       \177USER32_NULL_THUNK_DATA 0040c168     user32:USER32.dll
 0002:00000184       ??_7CProcess@@6B@          0040c184     process.obj
 0002:00001eb0       ___newctype                0040deb0     LIBC:ctype.obj
 0002:000021b0       __wctype                   0040e1b0     LIBC:ctype.obj
 0002:000023b8       ___lookuptable             0040e3b8     LIBC:output.obj
 0002:00002414       ??_C@_1O@CEDCILHN@?$AA?$CI?$AAn?$AAu?$AAl?$AAl?$AA?$CJ?$AA?$AA@ 0040e414     LIBC:output.obj
 0002:00002424       ??_C@_06OJHGLDPL@?$CInull?$CJ?$AA@ 0040e424     LIBC:output.obj
 0002:0000242c       ??_C@_0P@MIGLKIOC@CorExitProcess?$AA@ 0040e42c     LIBC:crt0dat.obj
 0002:0000243c       ??_C@_0M@MBOPBNBK@mscoree?4dll?$AA@ 0040e43c     LIBC:crt0dat.obj
 0002:00002448       ??_C@_0P@GGKDKEEG@runtime?5error?5?$AA@ 0040e448     LIBC:crt0msg.obj
 0002:00002458       ??_C@_02PCIJFNDE@?$AN?6?$AA@ 0040e458     LIBC:crt0msg.obj
 0002:0000245c       ??_C@_0O@MJNIPGOH@TLOSS?5error?$AN?6?$AA@ 0040e45c     LIBC:crt0msg.obj
 0002:0000246c       ??_C@_0N@BONNPDHF@SING?5error?$AN?6?$AA@ 0040e46c     LIBC:crt0msg.obj
 0002:0000247c       ??_C@_0P@MBDAJNE@DOMAIN?5error?$AN?6?$AA@ 0040e47c     LIBC:crt0msg.obj
 0002:00002490       ??_C@_0KC@BDDGGBEJ@R6029?$AN?6?9?5This?5application?5cannot@ 0040e490     LIBC:crt0msg.obj
 0002:00002534       ??_C@_0CF@KJDAIALP@R6028?$AN?6?9?5unable?5to?5initialize?5he@ 0040e534     LIBC:crt0msg.obj
 0002:0000255c       ??_C@_0DF@GAKBPDFP@R6027?$AN?6?9?5not?5enough?5space?5for?5lo@ 0040e55c     LIBC:crt0msg.obj
 0002:00002594       ??_C@_0DF@IBLNNAIG@R6026?$AN?6?9?5not?5enough?5space?5for?5st@ 0040e594     LIBC:crt0msg.obj
 0002:000025cc       ??_C@_0CG@IOHKGFNJ@R6025?$AN?6?9?5pure?5virtual?5function?5c@ 0040e5cc     LIBC:crt0msg.obj
 0002:000025f4       ??_C@_0DF@JIJJFJDC@R6024?$AN?6?9?5not?5enough?5space?5for?5_o@ 0040e5f4     LIBC:crt0msg.obj
 0002:0000262c       ??_C@_0CJ@EGEJHFME@R6019?$AN?6?9?5unable?5to?5open?5console?5@ 0040e62c     LIBC:crt0msg.obj
 0002:00002658       ??_C@_0CB@GNHNIELH@R6018?$AN?6?9?5unexpected?5heap?5error?$AN?6@ 0040e658     LIBC:crt0msg.obj
 0002:0000267c       ??_C@_0CN@FOLDKNG@R6017?$AN?6?9?5unexpected?5multithread?5@ 0040e67c     LIBC:crt0msg.obj
 0002:000026ac       ??_C@_0CM@FAHFJNHO@R6016?$AN?6?9?5not?5enough?5space?5for?5th@ 0040e6ac     LIBC:crt0msg.obj
 0002:000026d8       ??_C@_0JG@LBKMGKLD@?$AN?6This?5application?5has?5requested@ 0040e6d8     LIBC:crt0msg.obj
 0002:00002770       ??_C@_0CM@FLCNIPKK@R6009?$AN?6?9?5not?5enough?5space?5for?5en@ 0040e770     LIBC:crt0msg.obj
 0002:0000279c       ??_C@_0CK@KMMJOAPP@R6008?$AN?6?9?5not?5enough?5space?5for?5ar@ 0040e79c     LIBC:crt0msg.obj
 0002:000027c8       ??_C@_0CF@HOHMHDEK@R6002?$AN?6?9?5floating?5point?5not?5load@ 0040e7c8     LIBC:crt0msg.obj
 0002:000027f0       ??_C@_0CF@GOGNBNAK@Microsoft?5Visual?5C?$CL?$CL?5Runtime?5Lib@ 0040e7f0     LIBC:crt0msg.obj
 0002:00002818       ??_C@_02PHMGELLB@?6?6?$AA@ 0040e818     LIBC:crt0msg.obj
 0002:0000281c       ??_C@_0BK@OFGJDLJJ@Runtime?5Error?$CB?6?6Program?3?5?$AA@ 0040e81c     LIBC:crt0msg.obj
 0002:00002838       ??_C@_03KHICJKCI@?4?4?4?$AA@ 0040e838     LIBC:crt0msg.obj
 0002:0000283c       ??_C@_0BH@DNAGHKFM@?$DMprogram?5name?5unknown?$DO?$AA@ 0040e83c     LIBC:crt0msg.obj
 0002:00002853       ??_C@_00CNPNBAHC@?$AA@     0040e853     LIBC:wincmdln.obj
 0002:00002884       ??_C@_13NOLLCAOD@?$AA?$AA?$AA?$AA@ 0040e884     LIBC:a_str.obj
 0002:00002894       ??_C@_0BI@DFKBFLJE@GetProcessWindowStation?$AA@ 0040e894     LIBC:crtmbox.obj
 0002:000028ac       ??_C@_0BK@CIDNPOGP@GetUserObjectInformationA?$AA@ 0040e8ac     LIBC:crtmbox.obj
 0002:000028c8       ??_C@_0BD@HHGDFDBJ@GetLastActivePopup?$AA@ 0040e8c8     LIBC:crtmbox.obj
 0002:000028dc       ??_C@_0BA@HNOPNCHB@GetActiveWindow?$AA@ 0040e8dc     LIBC:crtmbox.obj
 0002:000028ec       ??_C@_0M@CHKKJDAI@MessageBoxA?$AA@ 0040e8ec     LIBC:crtmbox.obj
 0002:000028f8       ??_C@_0L@GMPLCCII@user32?4dll?$AA@ 0040e8f8     LIBC:crtmbox.obj
 0002:00002904       ??_C@_09KLGCKDOD@Program?3?5?$AA@ 0040e904     LIBC:secfail.obj
 0002:00002910       ??_C@_0KA@JEHFIFGP@A?5buffer?5overrun?5has?5been?5detect@ 0040e910     LIBC:secfail.obj
 0002:000029b0       ??_C@_0BJ@MDEKIEOJ@Buffer?5overrun?5detected?$CB?$AA@ 0040e9b0     LIBC:secfail.obj
 0002:000029d0       ??_C@_0LB@BPLHHLFD@A?5security?5error?5of?5unknown?5caus@ 0040e9d0     LIBC:secfail.obj
 0002:00002a84       ??_C@_0CD@GMKACBEK@Unknown?5security?5failure?5detecte@ 0040ea84     LIBC:secfail.obj
 0002:00002af0       __load_config_used         0040eaf0     LIBC:loadcfg.obj
 0002:00002b40       ___safe_se_handler_table   0040eb40     <linker-defined>
 0002:00002b48       ___rtc_iaa                 0040eb48     LIBC:initsect.obj
 0002:00002b4c       ___rtc_izz                 0040eb4c     LIBC:initsect.obj
 0002:00002b50       ___rtc_taa                 0040eb50     LIBC:initsect.obj
 0002:00002b54       ___rtc_tzz                 0040eb54     LIBC:initsect.obj
 0002:00002b58       __IMPORT_DESCRIPTOR_KERNEL32 0040eb58     kernel32:KERNEL32.dll
 0002:00002b6c       __IMPORT_DESCRIPTOR_USER32 0040eb6c     user32:USER32.dll
 0002:00002b80       __IMPORT_DESCRIPTOR_GDI32  0040eb80     gdi32:GDI32.dll
 0002:00002b94       __NULL_IMPORT_DESCRIPTOR   0040eb94     kernel32:KERNEL32.dll
 0003:00000000       ___xc_a                    00410000     LIBC:crt0init.obj
 0003:00000010       ___xc_z                    00410010     LIBC:crt0init.obj
 0003:00000014       ___xi_a                    00410014     LIBC:crt0init.obj
 0003:00000024       ___xi_z                    00410024     LIBC:crt0init.obj
 0003:00000028       ___xp_a                    00410028     LIBC:crt0init.obj
 0003:00000030       ___xp_z                    00410030     LIBC:crt0init.obj
 0003:00000034       ___xt_a                    00410034     LIBC:crt0init.obj
 0003:00000038       ___xt_z                    00410038     LIBC:crt0init.obj
 0003:00000040       ?dbgInit@@3EA              00410040     sr1.obj
 0003:00000041       ?swmInit@@3EA              00410041     sr1.obj
 0003:00000042       ?brcInit@@3EA              00410042     sr1.obj
 0003:00000044       ?SR1Buttons@@3PAUbutton@@A 00410044     WinMain.obj
 0003:00000064       ?SR1ComboBoxes@@3PAUcombo@@A 00410064     WinMain.obj
 0003:00000084       ?SR1_dbgOn@@3EA            00410084     WinMain.obj
 0003:00000085       ?SR1_dbgOff@@3EA           00410085     WinMain.obj
 0003:00000086       ?SR1_swmOn@@3EA            00410086     WinMain.obj
 0003:00000087       ?SR1_swmOff@@3EA           00410087     WinMain.obj
 0003:00000088       ?SR1_blkCr@@3EA            00410088     WinMain.obj
 0003:0000008c       ?SR2Buttons@@3PAUbutton@@A 0041008c     WinMain.obj
 0003:0000009c       ?SR2ComboBoxes@@3PAUcombo@@A 0041009c     WinMain.obj
 0003:000000ac       ?SR2_dbgOn@@3EA            004100ac     WinMain.obj
 0003:000000ad       ?SR2_dbgOff@@3EA           004100ad     WinMain.obj
 0003:000000ae       ?SR2_swmOn@@3EA            004100ae     WinMain.obj
 0003:000000af       ?SR2_swmOff@@3EA           004100af     WinMain.obj
 0003:000000b0       __aexit_rtn                004100b0     LIBC:wincrt0.obj
 0003:000000b4       ___app_type                004100b4     LIBC:wincrt0.obj
 0003:000000b8       __pctype                   004100b8     LIBC:ctype.obj
 0003:000000bc       __pwctype                  004100bc     LIBC:ctype.obj
 0003:000000c0       ___mb_cur_max              004100c0     LIBC:nlsdata1.obj
 0003:000000c4       ___decimal_point           004100c4     LIBC:nlsdata1.obj
 0003:000000c8       ___decimal_point_length    004100c8     LIBC:nlsdata1.obj
 0003:000000cc       ___nullstring              004100cc     LIBC:output.obj
 0003:000000d0       ___wnullstring             004100d0     LIBC:output.obj
 0003:00000170       __XcptActTab               00410170     LIBC:winxfltr.obj
 0003:000001e8       __First_FPE_Indx           004101e8     LIBC:winxfltr.obj
 0003:000001ec       __Num_FPE                  004101ec     LIBC:winxfltr.obj
 0003:000001f0       __XcptActTabCount          004101f0     LIBC:winxfltr.obj
 0003:000001f4       __fpecode                  004101f4     LIBC:winxfltr.obj
 0003:000001f8       ___badioinfo               004101f8     LIBC:ioinit.obj
 0003:00000200       __amblksiz                 00410200     LIBC:heapinit.obj
 0003:00000210       __cfltcvt_tab              00410210     LIBC:cmiscdat.obj
 0003:00000228       ___security_cookie         00410228     LIBC:seccook.obj
 0003:00000230       ___lc_clike                00410230     LIBC:nlsdata2.obj
 0003:00000238       __iob                      00410238     LIBC:_file.obj
 0003:000005b8       __NLG_Destination          004105b8     LIBC:exsup.obj
 0003:00000740       ?FONT_Print@@3KA           00410740     sr1.obj
 0003:00000744       ?mateRvrStr@@3KA           00410744     sr1.obj
 0003:00000748       ?STREAM_GetWaterZLevel@@3KA 00410748     sr1.obj
 0003:0000074c       ?fireRvrStr@@3KA           0041074c     sr1.obj
 0003:00000750       ?debugSoundMenu@@3KA       00410750     sr1.obj
 0003:00000754       ?debugSpecialAbilitiesMenu@@3KA 00410754     sr1.obj
 0003:00000758       ?renderSetupMenu@@3KA      00410758     sr1.obj
 0003:0000075c       ?do_start_game@@3KA        0041075c     sr1.obj
 0003:00000760       ?yesStr@@3KA               00410760     sr1.obj
 0003:00000764       ?draw_menu@@3KA            00410764     sr1.obj
 0003:00000768       ?MEMPACK_Malloc@@3KA       00410768     sr1.obj
 0003:0000076c       ?noStr@@3KA                0041076c     sr1.obj
 0003:00000770       ?MAIN_DoMainInit@@3KA      00410770     sr1.obj
 0003:00000774       ?MENU_SELECT_RIGHT@@3KA    00410774     sr1.obj
 0003:00000778       ?MainG2@@3KA               00410778     sr1.obj
 0003:0000077c       ?CityMenu@@3KA             0041077c     sr1.obj
 0003:00000780       ?SpectralState@@3KA        00410780     sr1.obj
 0003:00000784       ?specRvrStr@@3KA           00410784     sr1.obj
 0003:00000788       ?RazielInit@@3KA           00410788     sr1.obj
 0003:0000078c       ?HealthUpgradeNo@@3KA      0041078c     sr1.obj
 0003:00000790       ?levelSelectMenu@@3KA      00410790     sr1.obj
 0003:00000794       ?objectAccess@@3KA         00410794     sr1.obj
 0003:00000798       ?DEBUG_ReloadCurrentLevel@@3KA 00410798     sr1.obj
 0003:0000079c       ?PhysicsCheckSwim@@3KA     0041079c     sr1.obj
 0003:000007a0       ?cameraMenuStr@@3KA        004107a0     sr1.obj
 0003:000007a4       ?vsprintf_SR1@@3KA         004107a4     sr1.obj
 0003:000007a8       ?mainMenuStr@@3KA          004107a8     sr1.obj
 0003:000007ac       ?debugRazielFlags2@@3KA    004107ac     sr1.obj
 0003:000007b0       ?optsMenu@@3KA             004107b0     sr1.obj
 0003:000007b4       ?razielMenu@@3KA           004107b4     sr1.obj
 0003:000007b8       ?menuState@@3KA            004107b8     sr1.obj
 0003:000007bc       ?debugHealthLevel@@3KA     004107bc     sr1.obj
 0003:000007c0       ?TrailWaterFX@@3KA         004107c0     sr1.obj
 0003:000007c4       ?saveMenu@@3KA             004107c4     sr1.obj
 0003:000007c8       ?memmove_SR1@@3KA          004107c8     sr1.obj
 0003:000007cc       ?debugManaLevel@@3KA       004107cc     sr1.obj
 0003:000007d0       ?FX_Spiral@@3KA            004107d0     sr1.obj
 0003:000007d4       ?debugForgedAbilitiesMenu@@3KA 004107d4     sr1.obj
 0003:000007d8       ?cheatsMenu@@3KA           004107d8     sr1.obj
 0003:000007dc       ?InitStates@@3KA           004107dc     sr1.obj
 0003:000007e0       ?CollideReaverProjectile@@3KA 004107e0     sr1.obj
 0003:000007e4       ?menudefs_pause_menu@@3KA  004107e4     sr1.obj
 0003:000007e8       ?FX_MakeWaterBubble@@3KA   004107e8     sr1.obj
 0003:000007ec       ?STREAM_GetLevelWithID@@3KA 004107ec     sr1.obj
 0003:000007f0       ?GlobalSave@@3KA           004107f0     sr1.obj
 0003:000007f4       ?level2SelectMenu@@3KA     004107f4     sr1.obj
 0003:000007f8       ?eventMenu@@3KA            004107f8     sr1.obj
 0003:000007fc       ?handle_line_type_bit@@3KA 004107fc     sr1.obj
 0003:00000800       ?PCLoadSavedGame@@3KA      00410800     sr1.obj
 0003:00000804       ?curStr@@3KA               00410804     sr1.obj
 0003:00000808       ?AIMenu@@3KA               00410808     sr1.obj
 0003:0000080c       ?SAVE_RestoreGame@@3KA     0041080c     sr1.obj
 0003:00000810       ?FX_StartGenericBlastRing@@3KA 00410810     sr1.obj
 0003:00000814       ?debugHealthSystemMenu@@3KA 00410814     sr1.obj
 0003:00000818       ?FX_DrawGlowingLine@@3KA   00410818     sr1.obj
 0003:0000081c       ?goodiesMenu@@3KA          0041081c     sr1.obj
 0003:00000820       ?debugRazielFlags1@@3KA    00410820     sr1.obj
 0003:00000824       ?MonsterCaptionFlag@@3KA   00410824     sr1.obj
 0003:00000828       ?RazielAdditionalCollide@@3KA 00410828     sr1.obj
 0003:0000082c       ?MON_Say@@3KA              0041082c     sr1.obj
 0003:00000830       ?holdSRvrStr@@3KA          00410830     sr1.obj
 0003:00000834       ?cameraMenu@@3KA           00410834     sr1.obj
 0003:00000838       ?GAMELOOP_Process@@3KA     00410838     sr1.obj
 0003:0000083c       ?PHYSOB_BirthProjectile@@3KA 0041083c     sr1.obj
 0003:00000840       ?debugRazielFlags3@@3KA    00410840     sr1.obj
 0003:00000844       ?mainMenu@@3KA             00410844     sr1.obj
 0003:00000848       ?MONAPI_PossessNext@@3KA   00410848     sr1.obj
 0003:0000084c       ?razielMenuStr@@3KA        0041084c     sr1.obj
 0003:00000850       ?statsAndGhostCam@@3KA     00410850     sr1.obj
 0003:00000854       ?lockRaziel@@3KA           00410854     sr1.obj
 0003:00000858       ?endOfMenu@@3KA            00410858     sr1.obj
 0003:0000085c       ?ManaLevel@@3KA            0041085c     sr1.obj
 0003:00000860       ?FX_StartGenericParticle@@3KA 00410860     sr1.obj
 0003:00000864       ?FONT_VaReallyPrint@@3KA   00410864     sr1.obj
 0003:00000868       ?DEBUG_Process@@3KA        00410868     sr1.obj
 0003:0000086c       ?debugImbueSoulReaverMenu@@3KA 0041086c     sr1.obj
 0003:00000870       ?INSTANCE_BirthObject@@3KA 00410870     sr1.obj
 0003:00000874       ?MAIN_StartGame@@3KA       00410874     sr1.obj
 0003:00000878       ?allocated@@3KA            00410878     sr1.obj
 0003:0000087c       ?allocated2@@3KA           0041087c     sr1.obj
 0003:00000880       ?initialised@@3EA          00410880     sr1.obj
 0003:00000881       ?version@@3EA              00410881     sr1.obj
 0003:00000884       ?SR1@@3VCProcess@@A        00410884     sr1.obj
 0003:000008a0       ?mainWin@@3PAUHWND__@@A    004108a0     WinMain.obj
 0003:000008a4       ?sr2Win@@3PAUHWND__@@A     004108a4     WinMain.obj
 0003:000008a8       ?sr1Cur@@3PAPAUHICON__@@A  004108a8     WinMain.obj
 0003:000008ac       ?wc@@3UtagWNDCLASSA@@A     004108ac     WinMain.obj
 0003:000008d4       ?g_hInst@@3PAUHINSTANCE__@@A 004108d4     WinMain.obj
 0003:000008d8       ?keys@@3PAUkey@@A          004108d8     WinMain.obj
 0003:00000c30       ?sr1Win@@3PAUHWND__@@A     00410c30     WinMain.obj
 0003:00000c34       ?buttonFont@@3IA           00410c34     WinMain.obj
 0003:00000c38       __aenvptr                  00410c38     LIBC:wincrt0.obj
 0003:00000c3c       __wenvptr                  00410c3c     LIBC:wincrt0.obj
 0003:00000c40       ___error_mode              00410c40     LIBC:wincrt0.obj
 0003:00000c44       _errno                     00410c44     LIBC:crt0dat.obj
 0003:00000c48       __doserrno                 00410c48     LIBC:crt0dat.obj
 0003:00000c4c       __umaskval                 00410c4c     LIBC:crt0dat.obj
 0003:00000c50       __osplatform               00410c50     LIBC:crt0dat.obj
 0003:00000c54       __osver                    00410c54     LIBC:crt0dat.obj
 0003:00000c58       __winver                   00410c58     LIBC:crt0dat.obj
 0003:00000c5c       __winmajor                 00410c5c     LIBC:crt0dat.obj
 0003:00000c60       __winminor                 00410c60     LIBC:crt0dat.obj
 0003:00000c64       ___argc                    00410c64     LIBC:crt0dat.obj
 0003:00000c68       ___argv                    00410c68     LIBC:crt0dat.obj
 0003:00000c6c       ___wargv                   00410c6c     LIBC:crt0dat.obj
 0003:00000c70       __environ                  00410c70     LIBC:crt0dat.obj
 0003:00000c74       ___initenv                 00410c74     LIBC:crt0dat.obj
 0003:00000c78       __wenviron                 00410c78     LIBC:crt0dat.obj
 0003:00000c7c       ___winitenv                00410c7c     LIBC:crt0dat.obj
 0003:00000c80       __pgmptr                   00410c80     LIBC:crt0dat.obj
 0003:00000c84       __wpgmptr                  00410c84     LIBC:crt0dat.obj
 0003:00000c88       __exitflag                 00410c88     LIBC:crt0dat.obj
 0003:00000c8c       __C_Termination_Done       00410c8c     LIBC:crt0dat.obj
 0003:00000c90       __C_Exit_Done              00410c90     LIBC:crt0dat.obj
 0003:00000c94       __adbgmsg                  00410c94     LIBC:crt0msg.obj
 0003:00000c98       __pxcptinfoptrs            00410c98     LIBC:winxfltr.obj
 0003:00000db0       ___lc_handle               00410db0     LIBC:nlsdata2.obj
 0003:00000dc8       ___lc_codepage             00410dc8     LIBC:nlsdata2.obj
 0003:00000dcc       ___lc_collate_cp           00410dcc     LIBC:nlsdata2.obj
 0003:00000dd0       ?_pnhHeap@@3P6AHI@ZA       00410dd0     LIBC:handler.obj
 0003:00000dd4       __newmode                  00410dd4     LIBC:_newmode.obj
 0003:00000dd8       __cflush                   00410dd8     LIBC:_file.obj
 0003:00000e4c       ___mblcid                  00410e4c     <common>
 0003:00000e50       ___ismbcodepage            00410e50     <common>
 0003:00000e60       __mbctype                  00410e60     <common>
 0003:00000f64       ___mbcodepage              00410f64     <common>
 0003:00000f70       ___mbulinfo                00410f70     <common>
 0003:00000f80       __mbcasemap                00410f80     <common>
 0003:00001080       ___piob                    00411080     <common>
 0003:000010a0       __bufin                    004110a0     <common>
 0003:000020a0       __nstream                  004120a0     <common>
 0003:000020a4       ___sbh_pHeaderDefer        004120a4     <common>
 0003:000020a8       ___sbh_cntHeaderList       004120a8     <common>
 0003:000020ac       ___sbh_pHeaderList         004120ac     <common>
 0003:000020b0       ___sbh_threshold           004120b0     <common>
 0003:000020b4       ___sbh_pHeaderScan         004120b4     <common>
 0003:000020b8       ___sbh_sizeHeaderList      004120b8     <common>
 0003:000020bc       ___sbh_indGroupDefer       004120bc     <common>
 0003:000020c0       __crtheap                  004120c0     <common>
 0003:000020c4       ___active_heap             004120c4     <common>
 0003:000020c8       __nhandle                  004120c8     <common>
 0003:000020e0       ___pioinfo                 004120e0     <common>
 0003:000021e0       ___env_initialized         004121e0     <common>
 0003:000021e4       ___onexitend               004121e4     <common>
 0003:000021e8       ___onexitbegin             004121e8     <common>
 0003:000021ec       ___mbctype_initialized     004121ec     <common>
 0003:000021f0       __FPinit                   004121f0     <common>
 0003:000021f4       __acmdln                   004121f4     <common>

 entry point at        0001:00004cfd

 Static symbols

 0001:00004f11       __hextodec                 00405f11 f   LIBC:input.obj
 0001:00004f43       __inc                      00405f43 f   LIBC:input.obj
 0001:00005fd8       _write_char                00406fd8 f   LIBC:output.obj
 0001:0000600b       _write_multi_char          0040700b f   LIBC:output.obj
 0001:0000602f       _write_string              0040702f f   LIBC:output.obj
 0001:00006a5c       _doexit                    00407a5c f   LIBC:crt0dat.obj
 0001:00006fda       _parse_cmdline             00407fda f   LIBC:stdargv.obj
 0001:000076fd       $$$00003                   004086fd f   LIBC:exsup3.obj
 0001:00008555       _report_failure            00409555 f   LIBC:secchk.obj
 0001:000091b4       _x_ismbbtype               0040a1b4 f   LIBC:ismbbyte.obj
 0001:000091f8       _CPtoLCID                  0040a1f8 f   LIBC:mbctype.obj
 0001:00009227       _setSBCS                   0040a227 f   LIBC:mbctype.obj
 0001:00009250       _setSBUpLow                0040a250 f   LIBC:mbctype.obj
 0001:000095e0       $$$00001                   0040a5e0 f   LIBC:exsup.obj
 0001:00009600       $$$00003                   0040a600 f   LIBC:exsup.obj
 0001:00009600       __unwind_handler           0040a600 f   LIBC:exsup.obj
 0001:00009622       $$$00005                   0040a622 f   LIBC:exsup.obj
 0001:0000968a       $$$00007                   0040a68a f   LIBC:exsup.obj
 0001:000096ce       $$$00011                   0040a6ce f   LIBC:exsup.obj
 0001:0000a50d       _flsall                    0040b50d f   LIBC:fflush.obj
 0001:0000abf0       _$E1                       0040bbf0 f   sr1.obj
 0001:0000ac20       _$E1                       0040bc20 f   WinMain.obj
 0001:0000ac30       _$E2                       0040bc30 f   sr1.obj
